[    0.000000] Linux version 5.8.0-43-generic (buildd@lcy01-amd64-018) (gcc (Ubuntu 9.3.0-17ubuntu1~20.04) 9.3.0, GNU ld (GNU Binutils for Ubuntu) 2.34) #49~20.04.1-Ubuntu SMP Fri Feb 5 09:57:56 UTC 2021 (Ubuntu 5.8.0-43.49~20.04.1-generic 5.8.18)
[    0.000000] Command line: BOOT_IMAGE=/boot/vmlinuz-5.8.0-43-generic root=UUID=90d96a0e-b38a-497b-8a84-0017bb3713b1 ro find_preseed=/preseed.cfg auto noprompt priority=critical locale=en_US quiet
[    0.000000] KERNEL supported cpus:
[    0.000000]   Intel GenuineIntel
[    0.000000]   AMD AuthenticAMD
[    0.000000]   Hygon HygonGenuine
[    0.000000]   Centaur CentaurHauls
[    0.000000]   zhaoxin   Shanghai  
[    0.000000] Disabled fast string operations
[    0.000000] x86/fpu: Supporting XSAVE feature 0x001: 'x87 floating point registers'
[    0.000000] x86/fpu: Supporting XSAVE feature 0x002: 'SSE registers'
[    0.000000] x86/fpu: Supporting XSAVE feature 0x004: 'AVX registers'
[    0.000000] x86/fpu: xstate_offset[2]:  576, xstate_sizes[2]:  256
[    0.000000] x86/fpu: Enabled xstate features 0x7, context size is 832 bytes, using 'compacted' format.
[    0.000000] BIOS-provided physical RAM map:
[    0.000000] BIOS-e820: [mem 0x0000000000000000-0x000000000009e7ff] usable
[    0.000000] BIOS-e820: [mem 0x000000000009e800-0x000000000009ffff] reserved
[    0.000000] BIOS-e820: [mem 0x00000000000dc000-0x00000000000fffff] reserved
[    0.000000] BIOS-e820: [mem 0x0000000000100000-0x00000000bfecffff] usable
[    0.000000] BIOS-e820: [mem 0x00000000bfed0000-0x00000000bfefefff] ACPI data
[    0.000000] BIOS-e820: [mem 0x00000000bfeff000-0x00000000bfefffff] ACPI NVS
[    0.000000] BIOS-e820: [mem 0x00000000bff00000-0x00000000bfffffff] usable
[    0.000000] BIOS-e820: [mem 0x00000000f0000000-0x00000000f7ffffff] reserved
[    0.000000] BIOS-e820: [mem 0x00000000fec00000-0x00000000fec0ffff] reserved
[    0.000000] BIOS-e820: [mem 0x00000000fee00000-0x00000000fee00fff] reserved
[    0.000000] BIOS-e820: [mem 0x00000000fffe0000-0x00000000ffffffff] reserved
[    0.000000] BIOS-e820: [mem 0x0000000100000000-0x000000013fffffff] usable
[    0.000000] NX (Execute Disable) protection: active
[    0.000000] SMBIOS 2.7 present.
[    0.000000] DMI: VMware, Inc. VMware Virtual Platform/440BX Desktop Reference Platform, BIOS 6.00 11/12/2020
[    0.000000] vmware: hypercall mode: 0x02
[    0.000000] Hypervisor detected: VMware
[    0.000000] vmware: TSC freq read from hypervisor : 2592.009 MHz
[    0.000000] vmware: Host bus clock speed read from hypervisor : 66000000 Hz
[    0.000000] vmware: using clock offset of 21655113660 ns
[    0.000016] tsc: Detected 2592.009 MHz processor
[    0.001573] e820: update [mem 0x00000000-0x00000fff] usable ==> reserved
[    0.001574] e820: remove [mem 0x000a0000-0x000fffff] usable
[    0.001577] last_pfn = 0x140000 max_arch_pfn = 0x400000000
[    0.001607] MTRR default type: uncachable
[    0.001608] MTRR fixed ranges enabled:
[    0.001609]   00000-9FFFF write-back
[    0.001610]   A0000-BFFFF uncachable
[    0.001610]   C0000-CFFFF write-protect
[    0.001611]   D0000-EFFFF uncachable
[    0.001611]   F0000-FFFFF write-protect
[    0.001611] MTRR variable ranges enabled:
[    0.001612]   0 base 000000000000 mask 1FE000000000 write-back
[    0.001613]   1 base 0000C0000000 mask 1FFFC0000000 uncachable
[    0.001613]   2 disabled
[    0.001613]   3 disabled
[    0.001614]   4 disabled
[    0.001614]   5 disabled
[    0.001614]   6 disabled
[    0.001614]   7 disabled
[    0.001620] x86/PAT: Configuration [0-7]: WB  WC  UC- UC  WB  WP  UC- WT  
[    0.001627] total RAM covered: 130048M
[    0.001967] Found optimal setting for mtrr clean up
[    0.001967]  gran_size: 64K 	chunk_size: 64K 	num_reg: 7  	lose cover RAM: 0G
[    0.001994] e820: update [mem 0xc0000000-0xffffffff] usable ==> reserved
[    0.001996] last_pfn = 0xc0000 max_arch_pfn = 0x400000000
[    0.008280] found SMP MP-table at [mem 0x000f6a70-0x000f6a7f]
[    0.033742] check: Scanning 1 areas for low memory corruption
[    0.033807] Using GB pages for direct mapping
[    0.034067] RAMDISK: [mem 0x31ca7000-0x34e4afff]
[    0.034095] ACPI: Early table checksum verification disabled
[    0.034099] ACPI: RSDP 0x00000000000F6A00 000024 (v02 PTLTD )
[    0.034102] ACPI: XSDT 0x00000000BFEDC633 00005C (v01 INTEL  440BX    06040000 VMW  01324272)
[    0.034106] ACPI: FACP 0x00000000BFEFEE73 0000F4 (v04 INTEL  440BX    06040000 PTL  000F4240)
[    0.034110] ACPI: DSDT 0x00000000BFEDD9E8 02148B (v01 PTLTD  Custom   06040000 MSFT 03000001)
[    0.034125] ACPI: FACS 0x00000000BFEFFFC0 000040
[    0.034128] ACPI: FACS 0x00000000BFEFFFC0 000040
[    0.034130] ACPI: BOOT 0x00000000BFEDD9C0 000028 (v01 PTLTD  $SBFTBL$ 06040000  LTP 00000001)
[    0.034132] ACPI: APIC 0x00000000BFEDD27E 000742 (v01 PTLTD  ? APIC   06040000  LTP 00000000)
[    0.034135] ACPI: MCFG 0x00000000BFEDD242 00003C (v01 PTLTD  $PCITBL$ 06040000  LTP 00000001)
[    0.034137] ACPI: SRAT 0x00000000BFEDC72F 0008D0 (v02 VMWARE MEMPLUG  06040000 VMW  00000001)
[    0.034139] ACPI: HPET 0x00000000BFEDC6F7 000038 (v01 VMWARE VMW HPET 06040000 VMW  00000001)
[    0.034141] ACPI: WAET 0x00000000BFEDC6CF 000028 (v01 VMWARE VMW WAET 06040000 VMW  00000001)
[    0.034148] ACPI: Local APIC address 0xfee00000
[    0.034151] system APIC only can use physical flat
[    0.034152] Setting APIC routing to physical flat.
[    0.034198] SRAT: PXM 0 -> APIC 0x00 -> Node 0
[    0.034199] SRAT: PXM 0 -> APIC 0x02 -> Node 0
[    0.034199] SRAT: PXM 0 -> APIC 0x04 -> Node 0
[    0.034200] SRAT: PXM 0 -> APIC 0x06 -> Node 0
[    0.034201] SRAT: PXM 0 -> APIC 0x08 -> Node 0
[    0.034201] SRAT: PXM 0 -> APIC 0x0a -> Node 0
[    0.034202] SRAT: PXM 0 -> APIC 0x0c -> Node 0
[    0.034202] SRAT: PXM 0 -> APIC 0x0e -> Node 0
[    0.034203] SRAT: PXM 0 -> APIC 0x10 -> Node 0
[    0.034203] SRAT: PXM 0 -> APIC 0x12 -> Node 0
[    0.034204] SRAT: PXM 0 -> APIC 0x14 -> Node 0
[    0.034205] SRAT: PXM 0 -> APIC 0x16 -> Node 0
[    0.034205] SRAT: PXM 0 -> APIC 0x18 -> Node 0
[    0.034206] SRAT: PXM 0 -> APIC 0x1a -> Node 0
[    0.034206] SRAT: PXM 0 -> APIC 0x1c -> Node 0
[    0.034207] SRAT: PXM 0 -> APIC 0x1e -> Node 0
[    0.034208] SRAT: PXM 0 -> APIC 0x20 -> Node 0
[    0.034208] SRAT: PXM 0 -> APIC 0x22 -> Node 0
[    0.034209] SRAT: PXM 0 -> APIC 0x24 -> Node 0
[    0.034209] SRAT: PXM 0 -> APIC 0x26 -> Node 0
[    0.034210] SRAT: PXM 0 -> APIC 0x28 -> Node 0
[    0.034210] SRAT: PXM 0 -> APIC 0x2a -> Node 0
[    0.034211] SRAT: PXM 0 -> APIC 0x2c -> Node 0
[    0.034212] SRAT: PXM 0 -> APIC 0x2e -> Node 0
[    0.034212] SRAT: PXM 0 -> APIC 0x30 -> Node 0
[    0.034213] SRAT: PXM 0 -> APIC 0x32 -> Node 0
[    0.034213] SRAT: PXM 0 -> APIC 0x34 -> Node 0
[    0.034214] SRAT: PXM 0 -> APIC 0x36 -> Node 0
[    0.034215] SRAT: PXM 0 -> APIC 0x38 -> Node 0
[    0.034215] SRAT: PXM 0 -> APIC 0x3a -> Node 0
[    0.034216] SRAT: PXM 0 -> APIC 0x3c -> Node 0
[    0.034216] SRAT: PXM 0 -> APIC 0x3e -> Node 0
[    0.034217] SRAT: PXM 0 -> APIC 0x40 -> Node 0
[    0.034217] SRAT: PXM 0 -> APIC 0x42 -> Node 0
[    0.034218] SRAT: PXM 0 -> APIC 0x44 -> Node 0
[    0.034219] SRAT: PXM 0 -> APIC 0x46 -> Node 0
[    0.034219] SRAT: PXM 0 -> APIC 0x48 -> Node 0
[    0.034220] SRAT: PXM 0 -> APIC 0x4a -> Node 0
[    0.034220] SRAT: PXM 0 -> APIC 0x4c -> Node 0
[    0.034221] SRAT: PXM 0 -> APIC 0x4e -> Node 0
[    0.034222] SRAT: PXM 0 -> APIC 0x50 -> Node 0
[    0.034222] SRAT: PXM 0 -> APIC 0x52 -> Node 0
[    0.034223] SRAT: PXM 0 -> APIC 0x54 -> Node 0
[    0.034223] SRAT: PXM 0 -> APIC 0x56 -> Node 0
[    0.034224] SRAT: PXM 0 -> APIC 0x58 -> Node 0
[    0.034224] SRAT: PXM 0 -> APIC 0x5a -> Node 0
[    0.034225] SRAT: PXM 0 -> APIC 0x5c -> Node 0
[    0.034226] SRAT: PXM 0 -> APIC 0x5e -> Node 0
[    0.034226] SRAT: PXM 0 -> APIC 0x60 -> Node 0
[    0.034227] SRAT: PXM 0 -> APIC 0x62 -> Node 0
[    0.034227] SRAT: PXM 0 -> APIC 0x64 -> Node 0
[    0.034228] SRAT: PXM 0 -> APIC 0x66 -> Node 0
[    0.034229] SRAT: PXM 0 -> APIC 0x68 -> Node 0
[    0.034229] SRAT: PXM 0 -> APIC 0x6a -> Node 0
[    0.034230] SRAT: PXM 0 -> APIC 0x6c -> Node 0
[    0.034230] SRAT: PXM 0 -> APIC 0x6e -> Node 0
[    0.034231] SRAT: PXM 0 -> APIC 0x70 -> Node 0
[    0.034231] SRAT: PXM 0 -> APIC 0x72 -> Node 0
[    0.034232] SRAT: PXM 0 -> APIC 0x74 -> Node 0
[    0.034233] SRAT: PXM 0 -> APIC 0x76 -> Node 0
[    0.034233] SRAT: PXM 0 -> APIC 0x78 -> Node 0
[    0.034234] SRAT: PXM 0 -> APIC 0x7a -> Node 0
[    0.034234] SRAT: PXM 0 -> APIC 0x7c -> Node 0
[    0.034235] SRAT: PXM 0 -> APIC 0x7e -> Node 0
[    0.034236] SRAT: PXM 0 -> APIC 0x80 -> Node 0
[    0.034236] SRAT: PXM 0 -> APIC 0x82 -> Node 0
[    0.034237] SRAT: PXM 0 -> APIC 0x84 -> Node 0
[    0.034237] SRAT: PXM 0 -> APIC 0x86 -> Node 0
[    0.034238] SRAT: PXM 0 -> APIC 0x88 -> Node 0
[    0.034238] SRAT: PXM 0 -> APIC 0x8a -> Node 0
[    0.034239] SRAT: PXM 0 -> APIC 0x8c -> Node 0
[    0.034240] SRAT: PXM 0 -> APIC 0x8e -> Node 0
[    0.034240] SRAT: PXM 0 -> APIC 0x90 -> Node 0
[    0.034241] SRAT: PXM 0 -> APIC 0x92 -> Node 0
[    0.034241] SRAT: PXM 0 -> APIC 0x94 -> Node 0
[    0.034242] SRAT: PXM 0 -> APIC 0x96 -> Node 0
[    0.034243] SRAT: PXM 0 -> APIC 0x98 -> Node 0
[    0.034243] SRAT: PXM 0 -> APIC 0x9a -> Node 0
[    0.034244] SRAT: PXM 0 -> APIC 0x9c -> Node 0
[    0.034244] SRAT: PXM 0 -> APIC 0x9e -> Node 0
[    0.034245] SRAT: PXM 0 -> APIC 0xa0 -> Node 0
[    0.034245] SRAT: PXM 0 -> APIC 0xa2 -> Node 0
[    0.034246] SRAT: PXM 0 -> APIC 0xa4 -> Node 0
[    0.034247] SRAT: PXM 0 -> APIC 0xa6 -> Node 0
[    0.034247] SRAT: PXM 0 -> APIC 0xa8 -> Node 0
[    0.034248] SRAT: PXM 0 -> APIC 0xaa -> Node 0
[    0.034248] SRAT: PXM 0 -> APIC 0xac -> Node 0
[    0.034249] SRAT: PXM 0 -> APIC 0xae -> Node 0
[    0.034250] SRAT: PXM 0 -> APIC 0xb0 -> Node 0
[    0.034250] SRAT: PXM 0 -> APIC 0xb2 -> Node 0
[    0.034251] SRAT: PXM 0 -> APIC 0xb4 -> Node 0
[    0.034251] SRAT: PXM 0 -> APIC 0xb6 -> Node 0
[    0.034252] SRAT: PXM 0 -> APIC 0xb8 -> Node 0
[    0.034252] SRAT: PXM 0 -> APIC 0xba -> Node 0
[    0.034253] SRAT: PXM 0 -> APIC 0xbc -> Node 0
[    0.034254] SRAT: PXM 0 -> APIC 0xbe -> Node 0
[    0.034254] SRAT: PXM 0 -> APIC 0xc0 -> Node 0
[    0.034255] SRAT: PXM 0 -> APIC 0xc2 -> Node 0
[    0.034255] SRAT: PXM 0 -> APIC 0xc4 -> Node 0
[    0.034256] SRAT: PXM 0 -> APIC 0xc6 -> Node 0
[    0.034257] SRAT: PXM 0 -> APIC 0xc8 -> Node 0
[    0.034257] SRAT: PXM 0 -> APIC 0xca -> Node 0
[    0.034258] SRAT: PXM 0 -> APIC 0xcc -> Node 0
[    0.034258] SRAT: PXM 0 -> APIC 0xce -> Node 0
[    0.034259] SRAT: PXM 0 -> APIC 0xd0 -> Node 0
[    0.034259] SRAT: PXM 0 -> APIC 0xd2 -> Node 0
[    0.034260] SRAT: PXM 0 -> APIC 0xd4 -> Node 0
[    0.034261] SRAT: PXM 0 -> APIC 0xd6 -> Node 0
[    0.034261] SRAT: PXM 0 -> APIC 0xd8 -> Node 0
[    0.034262] SRAT: PXM 0 -> APIC 0xda -> Node 0
[    0.034262] SRAT: PXM 0 -> APIC 0xdc -> Node 0
[    0.034263] SRAT: PXM 0 -> APIC 0xde -> Node 0
[    0.034264] SRAT: PXM 0 -> APIC 0xe0 -> Node 0
[    0.034264] SRAT: PXM 0 -> APIC 0xe2 -> Node 0
[    0.034265] SRAT: PXM 0 -> APIC 0xe4 -> Node 0
[    0.034265] SRAT: PXM 0 -> APIC 0xe6 -> Node 0
[    0.034266] SRAT: PXM 0 -> APIC 0xe8 -> Node 0
[    0.034266] SRAT: PXM 0 -> APIC 0xea -> Node 0
[    0.034267] SRAT: PXM 0 -> APIC 0xec -> Node 0
[    0.034268] SRAT: PXM 0 -> APIC 0xee -> Node 0
[    0.034268] SRAT: PXM 0 -> APIC 0xf0 -> Node 0
[    0.034269] SRAT: PXM 0 -> APIC 0xf2 -> Node 0
[    0.034269] SRAT: PXM 0 -> APIC 0xf4 -> Node 0
[    0.034270] SRAT: PXM 0 -> APIC 0xf6 -> Node 0
[    0.034270] SRAT: PXM 0 -> APIC 0xf8 -> Node 0
[    0.034271] SRAT: PXM 0 -> APIC 0xfa -> Node 0
[    0.034272] SRAT: PXM 0 -> APIC 0xfc -> Node 0
[    0.034272] SRAT: PXM 0 -> APIC 0xfe -> Node 0
[    0.034276] ACPI: SRAT: Node 0 PXM 0 [mem 0x00000000-0x0009ffff]
[    0.034277] ACPI: SRAT: Node 0 PXM 0 [mem 0x00100000-0xbfffffff]
[    0.034278] ACPI: SRAT: Node 0 PXM 0 [mem 0x100000000-0x13fffffff]
[    0.034279] ACPI: SRAT: Node 0 PXM 0 [mem 0x140000000-0x103fffffff] hotplug
[    0.034281] NUMA: Node 0 [mem 0x00000000-0x0009ffff] + [mem 0x00100000-0xbfffffff] -> [mem 0x00000000-0xbfffffff]
[    0.034283] NUMA: Node 0 [mem 0x00000000-0xbfffffff] + [mem 0x100000000-0x13fffffff] -> [mem 0x00000000-0x13fffffff]
[    0.034292] NODE_DATA(0) allocated [mem 0x13ffd4000-0x13fffdfff]
[    0.034970] Zone ranges:
[    0.034971]   DMA      [mem 0x0000000000001000-0x0000000000ffffff]
[    0.034972]   DMA32    [mem 0x0000000001000000-0x00000000ffffffff]
[    0.034972]   Normal   [mem 0x0000000100000000-0x000000013fffffff]
[    0.034973]   Device   empty
[    0.034973] Movable zone start for each node
[    0.034975] Early memory node ranges
[    0.034975]   node   0: [mem 0x0000000000001000-0x000000000009dfff]
[    0.034976]   node   0: [mem 0x0000000000100000-0x00000000bfecffff]
[    0.034977]   node   0: [mem 0x00000000bff00000-0x00000000bfffffff]
[    0.034977]   node   0: [mem 0x0000000100000000-0x000000013fffffff]
[    0.035019] Zeroed struct page in unavailable ranges: 147 pages
[    0.035020] Initmem setup node 0 [mem 0x0000000000001000-0x000000013fffffff]
[    0.035021] On node 0 totalpages: 1048429
[    0.035022]   DMA zone: 64 pages used for memmap
[    0.035022]   DMA zone: 21 pages reserved
[    0.035023]   DMA zone: 3997 pages, LIFO batch:0
[    0.035597]   DMA32 zone: 12224 pages used for memmap
[    0.035597]   DMA32 zone: 782288 pages, LIFO batch:63
[    0.150392]   Normal zone: 4096 pages used for memmap
[    0.150394]   Normal zone: 262144 pages, LIFO batch:63
[    0.198099] ACPI: PM-Timer IO Port: 0x1008
[    0.198101] ACPI: Local APIC address 0xfee00000
[    0.198105] system APIC only can use physical flat
[    0.198114] ACPI: LAPIC_NMI (acpi_id[0x00] high edge lint[0x1])
[    0.198115] ACPI: LAPIC_NMI (acpi_id[0x01] high edge lint[0x1])
[    0.198115] ACPI: LAPIC_NMI (acpi_id[0x02] high edge lint[0x1])
[    0.198116] ACPI: LAPIC_NMI (acpi_id[0x03] high edge lint[0x1])
[    0.198116] ACPI: LAPIC_NMI (acpi_id[0x04] high edge lint[0x1])
[    0.198116] ACPI: LAPIC_NMI (acpi_id[0x05] high edge lint[0x1])
[    0.198116] ACPI: LAPIC_NMI (acpi_id[0x06] high edge lint[0x1])
[    0.198117] ACPI: LAPIC_NMI (acpi_id[0x07] high edge lint[0x1])
[    0.198117] ACPI: LAPIC_NMI (acpi_id[0x08] high edge lint[0x1])
[    0.198117] ACPI: LAPIC_NMI (acpi_id[0x09] high edge lint[0x1])
[    0.198118] ACPI: LAPIC_NMI (acpi_id[0x0a] high edge lint[0x1])
[    0.198118] ACPI: LAPIC_NMI (acpi_id[0x0b] high edge lint[0x1])
[    0.198118] ACPI: LAPIC_NMI (acpi_id[0x0c] high edge lint[0x1])
[    0.198119] ACPI: LAPIC_NMI (acpi_id[0x0d] high edge lint[0x1])
[    0.198119] ACPI: LAPIC_NMI (acpi_id[0x0e] high edge lint[0x1])
[    0.198119] ACPI: LAPIC_NMI (acpi_id[0x0f] high edge lint[0x1])
[    0.198120] ACPI: LAPIC_NMI (acpi_id[0x10] high edge lint[0x1])
[    0.198120] ACPI: LAPIC_NMI (acpi_id[0x11] high edge lint[0x1])
[    0.198120] ACPI: LAPIC_NMI (acpi_id[0x12] high edge lint[0x1])
[    0.198120] ACPI: LAPIC_NMI (acpi_id[0x13] high edge lint[0x1])
[    0.198121] ACPI: LAPIC_NMI (acpi_id[0x14] high edge lint[0x1])
[    0.198121] ACPI: LAPIC_NMI (acpi_id[0x15] high edge lint[0x1])
[    0.198121] ACPI: LAPIC_NMI (acpi_id[0x16] high edge lint[0x1])
[    0.198122] ACPI: LAPIC_NMI (acpi_id[0x17] high edge lint[0x1])
[    0.198122] ACPI: LAPIC_NMI (acpi_id[0x18] high edge lint[0x1])
[    0.198122] ACPI: LAPIC_NMI (acpi_id[0x19] high edge lint[0x1])
[    0.198123] ACPI: LAPIC_NMI (acpi_id[0x1a] high edge lint[0x1])
[    0.198123] ACPI: LAPIC_NMI (acpi_id[0x1b] high edge lint[0x1])
[    0.198123] ACPI: LAPIC_NMI (acpi_id[0x1c] high edge lint[0x1])
[    0.198124] ACPI: LAPIC_NMI (acpi_id[0x1d] high edge lint[0x1])
[    0.198124] ACPI: LAPIC_NMI (acpi_id[0x1e] high edge lint[0x1])
[    0.198124] ACPI: LAPIC_NMI (acpi_id[0x1f] high edge lint[0x1])
[    0.198124] ACPI: LAPIC_NMI (acpi_id[0x20] high edge lint[0x1])
[    0.198125] ACPI: LAPIC_NMI (acpi_id[0x21] high edge lint[0x1])
[    0.198125] ACPI: LAPIC_NMI (acpi_id[0x22] high edge lint[0x1])
[    0.198125] ACPI: LAPIC_NMI (acpi_id[0x23] high edge lint[0x1])
[    0.198126] ACPI: LAPIC_NMI (acpi_id[0x24] high edge lint[0x1])
[    0.198126] ACPI: LAPIC_NMI (acpi_id[0x25] high edge lint[0x1])
[    0.198126] ACPI: LAPIC_NMI (acpi_id[0x26] high edge lint[0x1])
[    0.198127] ACPI: LAPIC_NMI (acpi_id[0x27] high edge lint[0x1])
[    0.198127] ACPI: LAPIC_NMI (acpi_id[0x28] high edge lint[0x1])
[    0.198127] ACPI: LAPIC_NMI (acpi_id[0x29] high edge lint[0x1])
[    0.198128] ACPI: LAPIC_NMI (acpi_id[0x2a] high edge lint[0x1])
[    0.198128] ACPI: LAPIC_NMI (acpi_id[0x2b] high edge lint[0x1])
[    0.198128] ACPI: LAPIC_NMI (acpi_id[0x2c] high edge lint[0x1])
[    0.198128] ACPI: LAPIC_NMI (acpi_id[0x2d] high edge lint[0x1])
[    0.198129] ACPI: LAPIC_NMI (acpi_id[0x2e] high edge lint[0x1])
[    0.198129] ACPI: LAPIC_NMI (acpi_id[0x2f] high edge lint[0x1])
[    0.198129] ACPI: LAPIC_NMI (acpi_id[0x30] high edge lint[0x1])
[    0.198130] ACPI: LAPIC_NMI (acpi_id[0x31] high edge lint[0x1])
[    0.198130] ACPI: LAPIC_NMI (acpi_id[0x32] high edge lint[0x1])
[    0.198130] ACPI: LAPIC_NMI (acpi_id[0x33] high edge lint[0x1])
[    0.198131] ACPI: LAPIC_NMI (acpi_id[0x34] high edge lint[0x1])
[    0.198131] ACPI: LAPIC_NMI (acpi_id[0x35] high edge lint[0x1])
[    0.198131] ACPI: LAPIC_NMI (acpi_id[0x36] high edge lint[0x1])
[    0.198132] ACPI: LAPIC_NMI (acpi_id[0x37] high edge lint[0x1])
[    0.198132] ACPI: LAPIC_NMI (acpi_id[0x38] high edge lint[0x1])
[    0.198132] ACPI: LAPIC_NMI (acpi_id[0x39] high edge lint[0x1])
[    0.198133] ACPI: LAPIC_NMI (acpi_id[0x3a] high edge lint[0x1])
[    0.198133] ACPI: LAPIC_NMI (acpi_id[0x3b] high edge lint[0x1])
[    0.198133] ACPI: LAPIC_NMI (acpi_id[0x3c] high edge lint[0x1])
[    0.198133] ACPI: LAPIC_NMI (acpi_id[0x3d] high edge lint[0x1])
[    0.198134] ACPI: LAPIC_NMI (acpi_id[0x3e] high edge lint[0x1])
[    0.198134] ACPI: LAPIC_NMI (acpi_id[0x3f] high edge lint[0x1])
[    0.198134] ACPI: LAPIC_NMI (acpi_id[0x40] high edge lint[0x1])
[    0.198135] ACPI: LAPIC_NMI (acpi_id[0x41] high edge lint[0x1])
[    0.198135] ACPI: LAPIC_NMI (acpi_id[0x42] high edge lint[0x1])
[    0.198135] ACPI: LAPIC_NMI (acpi_id[0x43] high edge lint[0x1])
[    0.198136] ACPI: LAPIC_NMI (acpi_id[0x44] high edge lint[0x1])
[    0.198136] ACPI: LAPIC_NMI (acpi_id[0x45] high edge lint[0x1])
[    0.198136] ACPI: LAPIC_NMI (acpi_id[0x46] high edge lint[0x1])
[    0.198137] ACPI: LAPIC_NMI (acpi_id[0x47] high edge lint[0x1])
[    0.198137] ACPI: LAPIC_NMI (acpi_id[0x48] high edge lint[0x1])
[    0.198137] ACPI: LAPIC_NMI (acpi_id[0x49] high edge lint[0x1])
[    0.198137] ACPI: LAPIC_NMI (acpi_id[0x4a] high edge lint[0x1])
[    0.198138] ACPI: LAPIC_NMI (acpi_id[0x4b] high edge lint[0x1])
[    0.198138] ACPI: LAPIC_NMI (acpi_id[0x4c] high edge lint[0x1])
[    0.198138] ACPI: LAPIC_NMI (acpi_id[0x4d] high edge lint[0x1])
[    0.198139] ACPI: LAPIC_NMI (acpi_id[0x4e] high edge lint[0x1])
[    0.198139] ACPI: LAPIC_NMI (acpi_id[0x4f] high edge lint[0x1])
[    0.198139] ACPI: LAPIC_NMI (acpi_id[0x50] high edge lint[0x1])
[    0.198140] ACPI: LAPIC_NMI (acpi_id[0x51] high edge lint[0x1])
[    0.198140] ACPI: LAPIC_NMI (acpi_id[0x52] high edge lint[0x1])
[    0.198140] ACPI: LAPIC_NMI (acpi_id[0x53] high edge lint[0x1])
[    0.198141] ACPI: LAPIC_NMI (acpi_id[0x54] high edge lint[0x1])
[    0.198141] ACPI: LAPIC_NMI (acpi_id[0x55] high edge lint[0x1])
[    0.198141] ACPI: LAPIC_NMI (acpi_id[0x56] high edge lint[0x1])
[    0.198141] ACPI: LAPIC_NMI (acpi_id[0x57] high edge lint[0x1])
[    0.198142] ACPI: LAPIC_NMI (acpi_id[0x58] high edge lint[0x1])
[    0.198142] ACPI: LAPIC_NMI (acpi_id[0x59] high edge lint[0x1])
[    0.198142] ACPI: LAPIC_NMI (acpi_id[0x5a] high edge lint[0x1])
[    0.198143] ACPI: LAPIC_NMI (acpi_id[0x5b] high edge lint[0x1])
[    0.198143] ACPI: LAPIC_NMI (acpi_id[0x5c] high edge lint[0x1])
[    0.198143] ACPI: LAPIC_NMI (acpi_id[0x5d] high edge lint[0x1])
[    0.198144] ACPI: LAPIC_NMI (acpi_id[0x5e] high edge lint[0x1])
[    0.198144] ACPI: LAPIC_NMI (acpi_id[0x5f] high edge lint[0x1])
[    0.198144] ACPI: LAPIC_NMI (acpi_id[0x60] high edge lint[0x1])
[    0.198145] ACPI: LAPIC_NMI (acpi_id[0x61] high edge lint[0x1])
[    0.198145] ACPI: LAPIC_NMI (acpi_id[0x62] high edge lint[0x1])
[    0.198145] ACPI: LAPIC_NMI (acpi_id[0x63] high edge lint[0x1])
[    0.198145] ACPI: LAPIC_NMI (acpi_id[0x64] high edge lint[0x1])
[    0.198146] ACPI: LAPIC_NMI (acpi_id[0x65] high edge lint[0x1])
[    0.198146] ACPI: LAPIC_NMI (acpi_id[0x66] high edge lint[0x1])
[    0.198146] ACPI: LAPIC_NMI (acpi_id[0x67] high edge lint[0x1])
[    0.198147] ACPI: LAPIC_NMI (acpi_id[0x68] high edge lint[0x1])
[    0.198147] ACPI: LAPIC_NMI (acpi_id[0x69] high edge lint[0x1])
[    0.198147] ACPI: LAPIC_NMI (acpi_id[0x6a] high edge lint[0x1])
[    0.198148] ACPI: LAPIC_NMI (acpi_id[0x6b] high edge lint[0x1])
[    0.198148] ACPI: LAPIC_NMI (acpi_id[0x6c] high edge lint[0x1])
[    0.198148] ACPI: LAPIC_NMI (acpi_id[0x6d] high edge lint[0x1])
[    0.198149] ACPI: LAPIC_NMI (acpi_id[0x6e] high edge lint[0x1])
[    0.198149] ACPI: LAPIC_NMI (acpi_id[0x6f] high edge lint[0x1])
[    0.198149] ACPI: LAPIC_NMI (acpi_id[0x70] high edge lint[0x1])
[    0.198149] ACPI: LAPIC_NMI (acpi_id[0x71] high edge lint[0x1])
[    0.198150] ACPI: LAPIC_NMI (acpi_id[0x72] high edge lint[0x1])
[    0.198150] ACPI: LAPIC_NMI (acpi_id[0x73] high edge lint[0x1])
[    0.198150] ACPI: LAPIC_NMI (acpi_id[0x74] high edge lint[0x1])
[    0.198151] ACPI: LAPIC_NMI (acpi_id[0x75] high edge lint[0x1])
[    0.198151] ACPI: LAPIC_NMI (acpi_id[0x76] high edge lint[0x1])
[    0.198151] ACPI: LAPIC_NMI (acpi_id[0x77] high edge lint[0x1])
[    0.198152] ACPI: LAPIC_NMI (acpi_id[0x78] high edge lint[0x1])
[    0.198152] ACPI: LAPIC_NMI (acpi_id[0x79] high edge lint[0x1])
[    0.198152] ACPI: LAPIC_NMI (acpi_id[0x7a] high edge lint[0x1])
[    0.198153] ACPI: LAPIC_NMI (acpi_id[0x7b] high edge lint[0x1])
[    0.198153] ACPI: LAPIC_NMI (acpi_id[0x7c] high edge lint[0x1])
[    0.198153] ACPI: LAPIC_NMI (acpi_id[0x7d] high edge lint[0x1])
[    0.198153] ACPI: LAPIC_NMI (acpi_id[0x7e] high edge lint[0x1])
[    0.198154] ACPI: LAPIC_NMI (acpi_id[0x7f] high edge lint[0x1])
[    0.198256] IOAPIC[0]: apic_id 1, version 32, address 0xfec00000, GSI 0-23
[    0.198261] ACPI: INT_SRC_OVR (bus 0 bus_irq 0 global_irq 2 high edge)
[    0.198263] ACPI: IRQ0 used by override.
[    0.198263] ACPI: IRQ9 used by override.
[    0.198266] Using ACPI (MADT) for SMP configuration information
[    0.198267] ACPI: HPET id: 0x8086af01 base: 0xfed00000
[    0.198271] smpboot: Allowing 128 CPUs, 126 hotplug CPUs
[    0.198288] PM: hibernation: Registered nosave memory: [mem 0x00000000-0x00000fff]
[    0.198290] PM: hibernation: Registered nosave memory: [mem 0x0009e000-0x0009efff]
[    0.198290] PM: hibernation: Registered nosave memory: [mem 0x0009f000-0x0009ffff]
[    0.198291] PM: hibernation: Registered nosave memory: [mem 0x000a0000-0x000dbfff]
[    0.198292] PM: hibernation: Registered nosave memory: [mem 0x000dc000-0x000fffff]
[    0.198293] PM: hibernation: Registered nosave memory: [mem 0xbfed0000-0xbfefefff]
[    0.198294] PM: hibernation: Registered nosave memory: [mem 0xbfeff000-0xbfefffff]
[    0.198308] PM: hibernation: Registered nosave memory: [mem 0xc0000000-0xefffffff]
[    0.198309] PM: hibernation: Registered nosave memory: [mem 0xf0000000-0xf7ffffff]
[    0.198309] PM: hibernation: Registered nosave memory: [mem 0xf8000000-0xfebfffff]
[    0.198310] PM: hibernation: Registered nosave memory: [mem 0xfec00000-0xfec0ffff]
[    0.198310] PM: hibernation: Registered nosave memory: [mem 0xfec10000-0xfedfffff]
[    0.198310] PM: hibernation: Registered nosave memory: [mem 0xfee00000-0xfee00fff]
[    0.198311] PM: hibernation: Registered nosave memory: [mem 0xfee01000-0xfffdffff]
[    0.198311] PM: hibernation: Registered nosave memory: [mem 0xfffe0000-0xffffffff]
[    0.198312] [mem 0xc0000000-0xefffffff] available for PCI devices
[    0.198313] Booting paravirtualized kernel on VMware hypervisor
[    0.198315] clocksource: refined-jiffies: mask: 0xffffffff max_cycles: 0xffffffff, max_idle_ns: 7645519600211568 ns
[    0.198320] setup_percpu: NR_CPUS:8192 nr_cpumask_bits:128 nr_cpu_ids:128 nr_node_ids:1
[    0.280207] percpu: Embedded 56 pages/cpu s192512 r8192 d28672 u262144
[    0.280218] pcpu-alloc: s192512 r8192 d28672 u262144 alloc=1*2097152
[    0.280218] pcpu-alloc: [0] 000 001 002 003 004 005 006 007 
[    0.280220] pcpu-alloc: [0] 008 009 010 011 012 013 014 015 
[    0.280221] pcpu-alloc: [0] 016 017 018 019 020 021 022 023 
[    0.280222] pcpu-alloc: [0] 024 025 026 027 028 029 030 031 
[    0.280223] pcpu-alloc: [0] 032 033 034 035 036 037 038 039 
[    0.280224] pcpu-alloc: [0] 040 041 042 043 044 045 046 047 
[    0.280225] pcpu-alloc: [0] 048 049 050 051 052 053 054 055 
[    0.280226] pcpu-alloc: [0] 056 057 058 059 060 061 062 063 
[    0.280227] pcpu-alloc: [0] 064 065 066 067 068 069 070 071 
[    0.280228] pcpu-alloc: [0] 072 073 074 075 076 077 078 079 
[    0.280229] pcpu-alloc: [0] 080 081 082 083 084 085 086 087 
[    0.280230] pcpu-alloc: [0] 088 089 090 091 092 093 094 095 
[    0.280232] pcpu-alloc: [0] 096 097 098 099 100 101 102 103 
[    0.280233] pcpu-alloc: [0] 104 105 106 107 108 109 110 111 
[    0.280234] pcpu-alloc: [0] 112 113 114 115 116 117 118 119 
[    0.280235] pcpu-alloc: [0] 120 121 122 123 124 125 126 127 
[    0.280289] Built 1 zonelists, mobility grouping on.  Total pages: 1032024
[    0.280290] Policy zone: Normal
[    0.280292] Kernel command line: BOOT_IMAGE=/boot/vmlinuz-5.8.0-43-generic root=UUID=90d96a0e-b38a-497b-8a84-0017bb3713b1 ro find_preseed=/preseed.cfg auto noprompt priority=critical locale=en_US quiet
[    0.280389] printk: log_buf_len individual max cpu contribution: 4096 bytes
[    0.280390] printk: log_buf_len total cpu_extra contributions: 520192 bytes
[    0.280390] printk: log_buf_len min size: 262144 bytes
[    0.283037] printk: log_buf_len: 1048576 bytes
[    0.283038] printk: early log buf free: 235476(89%)
[    0.293028] Dentry cache hash table entries: 524288 (order: 10, 4194304 bytes, linear)
[    0.298123] Inode-cache hash table entries: 262144 (order: 9, 2097152 bytes, linear)
[    0.300456] mem auto-init: stack:off, heap alloc:on, heap free:off
[    0.392242] Memory: 3942396K/4193716K available (14339K kernel code, 2563K rwdata, 5356K rodata, 2636K init, 4900K bss, 251320K reserved, 0K cma-reserved)
[    0.392250] random: get_random_u64 called from kmem_cache_open+0x2d/0x410 with crng_init=0
[    0.392936] SLUB: HWalign=64, Order=0-3, MinObjects=0, CPUs=128, Nodes=1
[    0.392996] Kernel/User page tables isolation: enabled
[    0.393263] ftrace: allocating 46188 entries in 181 pages
[    0.406601] ftrace: allocated 181 pages with 5 groups
[    0.407791] rcu: Hierarchical RCU implementation.
[    0.407793] rcu: 	RCU restricting CPUs from NR_CPUS=8192 to nr_cpu_ids=128.
[    0.407794] 	Trampoline variant of Tasks RCU enabled.
[    0.407794] 	Rude variant of Tasks RCU enabled.
[    0.407794] 	Tracing variant of Tasks RCU enabled.
[    0.407795] rcu: RCU calculated value of scheduler-enlistment delay is 25 jiffies.
[    0.407795] rcu: Adjusting geometry for rcu_fanout_leaf=16, nr_cpu_ids=128
[    0.410689] NR_IRQS: 524544, nr_irqs: 1448, preallocated irqs: 16
[    0.411307] random: crng done (trusting CPU's manufacturer)
[    0.430046] Console: colour VGA+ 80x25
[    0.430052] printk: console [tty0] enabled
[    0.430155] ACPI: Core revision 20200528
[    0.431138] clocksource: hpet: mask: 0xffffffff max_cycles: 0xffffffff, max_idle_ns: 133484882848 ns
[    0.431448] APIC: Switch to symmetric I/O mode setup
[    0.432061] x2apic enabled
[    0.432451] Switched APIC routing to physical x2apic.
[    0.434497] ..TIMER: vector=0x30 apic1=0 pin1=2 apic2=-1 pin2=-1
[    0.434561] clocksource: tsc-early: mask: 0xffffffffffffffff max_cycles: 0x255cbf51843, max_idle_ns: 440795283469 ns
[    0.434565] Calibrating delay loop (skipped) preset value.. 5184.01 BogoMIPS (lpj=10368037)
[    0.434567] pid_max: default: 131072 minimum: 1024
[    0.434630] LSM: Security Framework initializing
[    0.434640] Yama: becoming mindful.
[    0.434760] AppArmor: AppArmor initialized
[    0.434967] Mount-cache hash table entries: 8192 (order: 4, 65536 bytes, linear)
[    0.435129] Mountpoint-cache hash table entries: 8192 (order: 4, 65536 bytes, linear)
[    0.439541] Disabled fast string operations
[    0.439746] Last level iTLB entries: 4KB 64, 2MB 8, 4MB 8
[    0.439746] Last level dTLB entries: 4KB 64, 2MB 0, 4MB 0, 1GB 4
[    0.439749] Spectre V1 : Mitigation: usercopy/swapgs barriers and __user pointer sanitization
[    0.439750] Spectre V2 : Mitigation: Full generic retpoline
[    0.439750] Spectre V2 : Spectre v2 / SpectreRSB mitigation: Filling RSB on context switch
[    0.439751] Spectre V2 : Enabling Restricted Speculation for firmware calls
[    0.439752] Spectre V2 : mitigation: Enabling conditional Indirect Branch Prediction Barrier
[    0.439752] Speculative Store Bypass: Mitigation: Speculative Store Bypass disabled via prctl and seccomp
[    0.439754] MDS: Vulnerable: Clear CPU buffers attempted, no microcode
[    0.439922] Freeing SMP alternatives memory: 40K
[    0.443232] smpboot: CPU0: Intel(R) Core(TM) i7-10750H CPU @ 2.60GHz (family: 0x6, model: 0xa5, stepping: 0x2)
[    0.443781] Performance Events: Skylake events, core PMU driver.
[    0.444013] core: CPUID marked event: 'cpu cycles' unavailable
[    0.444013] core: CPUID marked event: 'instructions' unavailable
[    0.444014] core: CPUID marked event: 'bus cycles' unavailable
[    0.444014] core: CPUID marked event: 'cache references' unavailable
[    0.444014] core: CPUID marked event: 'cache misses' unavailable
[    0.444014] core: CPUID marked event: 'branch instructions' unavailable
[    0.444015] core: CPUID marked event: 'branch misses' unavailable
[    0.444016] ... version:                1
[    0.444016] ... bit width:              48
[    0.444017] ... generic registers:      4
[    0.444017] ... value mask:             0000ffffffffffff
[    0.444017] ... max period:             000000007fffffff
[    0.444018] ... fixed-purpose events:   0
[    0.444018] ... event mask:             000000000000000f
[    0.444113] rcu: Hierarchical SRCU implementation.
[    0.444837] NMI watchdog: Perf NMI watchdog permanently disabled
[    0.454522] smp: Bringing up secondary CPUs ...
[    0.455232] x86: Booting SMP configuration:
[    0.455233] .... node  #0, CPUs:          #1
[    0.023303] Disabled fast string operations
[    0.023303] smpboot: CPU 1 Converting physical 2 to logical package 1
[    0.023303] smpboot: CPU 1 Converting physical 0 to logical die 1
[    0.456806] smp: Brought up 1 node, 2 CPUs
[    0.456806] smpboot: Max logical packages: 128
[    0.456806] smpboot: Total of 2 processors activated (10368.03 BogoMIPS)
[    0.456806] devtmpfs: initialized
[    0.456806] x86/mm: Memory block size: 128MB
[    0.459099] PM: Registering ACPI NVS region [mem 0xbfeff000-0xbfefffff] (4096 bytes)
[    0.459099] clocksource: jiffies: mask: 0xffffffff max_cycles: 0xffffffff, max_idle_ns: 7645041785100000 ns
[    0.465215] futex hash table entries: 32768 (order: 9, 2097152 bytes, linear)
[    0.465633] pinctrl core: initialized pinctrl subsystem
[    0.465857] PM: RTC time: 20:31:16, date: 2022-10-14
[    0.465859] thermal_sys: Registered thermal governor 'fair_share'
[    0.465859] thermal_sys: Registered thermal governor 'bang_bang'
[    0.465860] thermal_sys: Registered thermal governor 'step_wise'
[    0.465860] thermal_sys: Registered thermal governor 'user_space'
[    0.465860] thermal_sys: Registered thermal governor 'power_allocator'
[    0.466316] NET: Registered protocol family 16
[    0.467910] DMA: preallocated 512 KiB GFP_KERNEL pool for atomic allocations
[    0.467990] DMA: preallocated 512 KiB GFP_KERNEL|GFP_DMA pool for atomic allocations
[    0.469237] DMA: preallocated 512 KiB GFP_KERNEL|GFP_DMA32 pool for atomic allocations
[    0.469254] audit: initializing netlink subsys (disabled)
[    0.469353] audit: type=2000 audit(1665779476.036:1): state=initialized audit_enabled=0 res=1
[    0.469353] EISA bus registered
[    0.469353] cpuidle: using governor ladder
[    0.469353] cpuidle: using governor menu
[    0.469353] Simple Boot Flag at 0x36 set to 0x80
[    0.469353] ACPI: bus type PCI registered
[    0.469353] acpiphp: ACPI Hot Plug PCI Controller Driver version: 0.5
[    0.469353] PCI: MMCONFIG for domain 0000 [bus 00-7f] at [mem 0xf0000000-0xf7ffffff] (base 0xf0000000)
[    0.469353] PCI: MMCONFIG at [mem 0xf0000000-0xf7ffffff] reserved in E820
[    0.469353] PCI: Using configuration type 1 for base access
[    0.472179] HugeTLB registered 1.00 GiB page size, pre-allocated 0 pages
[    0.472179] HugeTLB registered 2.00 MiB page size, pre-allocated 0 pages
[    0.478808] ACPI: Added _OSI(Module Device)
[    0.478808] ACPI: Added _OSI(Processor Device)
[    0.478809] ACPI: Added _OSI(3.0 _SCP Extensions)
[    0.478809] ACPI: Added _OSI(Processor Aggregator Device)
[    0.478810] ACPI: Added _OSI(Linux-Dell-Video)
[    0.478810] ACPI: Added _OSI(Linux-Lenovo-NV-HDMI-Audio)
[    0.478811] ACPI: Added _OSI(Linux-HPI-Hybrid-Graphics)
[    0.503858] ACPI: 1 ACPI AML tables successfully acquired and loaded
[    0.506463] ACPI: [Firmware Bug]: BIOS _OSI(Linux) query ignored
[    0.528841] ACPI: Interpreter enabled
[    0.528853] ACPI: (supports S0 S1 S4 S5)
[    0.528855] ACPI: Using IOAPIC for interrupt routing
[    0.528879] PCI: Using host bridge windows from ACPI; if necessary, use "pci=nocrs" and report a bug
[    0.530270] ACPI: Enabled 4 GPEs in block 00 to 0F
[    0.724558] ACPI: PCI Root Bridge [PCI0] (domain 0000 [bus 00-7f])
[    0.724563] acpi PNP0A03:00: _OSC: OS supports [ExtendedConfig ASPM ClockPM Segments MSI HPX-Type3]
[    0.724751] acpi PNP0A03:00: _OSC: platform does not support [AER LTR]
[    0.724959] acpi PNP0A03:00: _OSC: OS now controls [PCIeHotplug SHPCHotplug PME PCIeCapability]
[    0.727479] PCI host bridge to bus 0000:00
[    0.727480] pci_bus 0000:00: root bus resource [mem 0x000a0000-0x000bffff window]
[    0.727481] pci_bus 0000:00: root bus resource [mem 0x000d0000-0x000d3fff window]
[    0.727482] pci_bus 0000:00: root bus resource [mem 0x000d4000-0x000d7fff window]
[    0.727482] pci_bus 0000:00: root bus resource [mem 0x000d8000-0x000dbfff window]
[    0.727483] pci_bus 0000:00: root bus resource [mem 0xc0000000-0xfebfffff window]
[    0.727483] pci_bus 0000:00: root bus resource [io  0x0000-0x0cf7 window]
[    0.727484] pci_bus 0000:00: root bus resource [io  0x0d00-0xfeff window]
[    0.727485] pci_bus 0000:00: root bus resource [bus 00-7f]
[    0.727555] pci 0000:00:00.0: [8086:7190] type 00 class 0x060000
[    0.730635] pci 0000:00:01.0: [8086:7191] type 01 class 0x060400
[    0.744066] pci 0000:00:07.0: [8086:7110] type 00 class 0x060100
[    0.745642] pci 0000:00:07.1: [8086:7111] type 00 class 0x01018a
[    0.747417] pci 0000:00:07.1: reg 0x20: [io  0x1060-0x106f]
[    0.748038] pci 0000:00:07.1: legacy IDE quirk: reg 0x10: [io  0x01f0-0x01f7]
[    0.748039] pci 0000:00:07.1: legacy IDE quirk: reg 0x14: [io  0x03f6]
[    0.748040] pci 0000:00:07.1: legacy IDE quirk: reg 0x18: [io  0x0170-0x0177]
[    0.748041] pci 0000:00:07.1: legacy IDE quirk: reg 0x1c: [io  0x0376]
[    0.748564] pci 0000:00:07.3: [8086:7113] type 00 class 0x068000
[    0.750479] pci 0000:00:07.3: quirk: [io  0x1000-0x103f] claimed by PIIX4 ACPI
[    0.750496] pci 0000:00:07.3: quirk: [io  0x1040-0x104f] claimed by PIIX4 SMB
[    0.751030] pci 0000:00:07.7: [15ad:0740] type 00 class 0x088000
[    0.751467] pci 0000:00:07.7: reg 0x10: [io  0x1080-0x10bf]
[    0.751780] pci 0000:00:07.7: reg 0x14: [mem 0xfebfe000-0xfebfffff 64bit]
[    0.770453] pci 0000:00:0f.0: [15ad:0405] type 00 class 0x030000
[    0.774568] pci 0000:00:0f.0: reg 0x10: [io  0x1070-0x107f]
[    0.778567] pci 0000:00:0f.0: reg 0x14: [mem 0xe8000000-0xefffffff pref]
[    0.782568] pci 0000:00:0f.0: reg 0x18: [mem 0xfe000000-0xfe7fffff]
[    0.798572] pci 0000:00:0f.0: reg 0x30: [mem 0x00000000-0x00007fff pref]
[    0.801409] pci 0000:00:10.0: [1000:0030] type 00 class 0x010000
[    0.801822] pci 0000:00:10.0: reg 0x10: [io  0x1400-0x14ff]
[    0.802137] pci 0000:00:10.0: reg 0x14: [mem 0xfeba0000-0xfebbffff 64bit]
[    0.802760] pci 0000:00:10.0: reg 0x1c: [mem 0xfebc0000-0xfebdffff 64bit]
[    0.803270] pci 0000:00:10.0: reg 0x30: [mem 0x00000000-0x00003fff pref]
[    0.806035] pci 0000:00:11.0: [15ad:0790] type 01 class 0x060401
[    0.815681] pci 0000:00:15.0: [15ad:07a0] type 01 class 0x060400
[    0.817082] pci 0000:00:15.0: PME# supported from D0 D3hot D3cold
[    0.817729] pci 0000:00:15.1: [15ad:07a0] type 01 class 0x060400
[    0.819077] pci 0000:00:15.1: PME# supported from D0 D3hot D3cold
[    0.819686] pci 0000:00:15.2: [15ad:07a0] type 01 class 0x060400
[    0.820996] pci 0000:00:15.2: PME# supported from D0 D3hot D3cold
[    0.821678] pci 0000:00:15.3: [15ad:07a0] type 01 class 0x060400
[    0.823024] pci 0000:00:15.3: PME# supported from D0 D3hot D3cold
[    0.823617] pci 0000:00:15.4: [15ad:07a0] type 01 class 0x060400
[    0.824956] pci 0000:00:15.4: PME# supported from D0 D3hot D3cold
[    0.825596] pci 0000:00:15.5: [15ad:07a0] type 01 class 0x060400
[    0.826948] pci 0000:00:15.5: PME# supported from D0 D3hot D3cold
[    0.827524] pci 0000:00:15.6: [15ad:07a0] type 01 class 0x060400
[    0.828835] pci 0000:00:15.6: PME# supported from D0 D3hot D3cold
[    0.829443] pci 0000:00:15.7: [15ad:07a0] type 01 class 0x060400
[    0.830782] pci 0000:00:15.7: PME# supported from D0 D3hot D3cold
[    0.833301] pci 0000:00:16.0: [15ad:07a0] type 01 class 0x060400
[    0.834616] pci 0000:00:16.0: PME# supported from D0 D3hot D3cold
[    0.835232] pci 0000:00:16.1: [15ad:07a0] type 01 class 0x060400
[    0.836591] pci 0000:00:16.1: PME# supported from D0 D3hot D3cold
[    0.837212] pci 0000:00:16.2: [15ad:07a0] type 01 class 0x060400
[    0.838541] pci 0000:00:16.2: PME# supported from D0 D3hot D3cold
[    0.839205] pci 0000:00:16.3: [15ad:07a0] type 01 class 0x060400
[    0.840505] pci 0000:00:16.3: PME# supported from D0 D3hot D3cold
[    0.841166] pci 0000:00:16.4: [15ad:07a0] type 01 class 0x060400
[    0.842465] pci 0000:00:16.4: PME# supported from D0 D3hot D3cold
[    0.843041] pci 0000:00:16.5: [15ad:07a0] type 01 class 0x060400
[    0.844346] pci 0000:00:16.5: PME# supported from D0 D3hot D3cold
[    0.844913] pci 0000:00:16.6: [15ad:07a0] type 01 class 0x060400
[    0.846272] pci 0000:00:16.6: PME# supported from D0 D3hot D3cold
[    0.846874] pci 0000:00:16.7: [15ad:07a0] type 01 class 0x060400
[    0.848130] pci 0000:00:16.7: PME# supported from D0 D3hot D3cold
[    0.850498] pci 0000:00:17.0: [15ad:07a0] type 01 class 0x060400
[    0.851714] pci 0000:00:17.0: PME# supported from D0 D3hot D3cold
[    0.852250] pci 0000:00:17.1: [15ad:07a0] type 01 class 0x060400
[    0.853459] pci 0000:00:17.1: PME# supported from D0 D3hot D3cold
[    0.853985] pci 0000:00:17.2: [15ad:07a0] type 01 class 0x060400
[    0.855201] pci 0000:00:17.2: PME# supported from D0 D3hot D3cold
[    0.855811] pci 0000:00:17.3: [15ad:07a0] type 01 class 0x060400
[    0.857017] pci 0000:00:17.3: PME# supported from D0 D3hot D3cold
[    0.857571] pci 0000:00:17.4: [15ad:07a0] type 01 class 0x060400
[    0.858777] pci 0000:00:17.4: PME# supported from D0 D3hot D3cold
[    0.859314] pci 0000:00:17.5: [15ad:07a0] type 01 class 0x060400
[    0.860519] pci 0000:00:17.5: PME# supported from D0 D3hot D3cold
[    0.861043] pci 0000:00:17.6: [15ad:07a0] type 01 class 0x060400
[    0.862353] pci 0000:00:17.6: PME# supported from D0 D3hot D3cold
[    0.862886] pci 0000:00:17.7: [15ad:07a0] type 01 class 0x060400
[    0.864169] pci 0000:00:17.7: PME# supported from D0 D3hot D3cold
[    0.866565] pci 0000:00:18.0: [15ad:07a0] type 01 class 0x060400
[    0.867779] pci 0000:00:18.0: PME# supported from D0 D3hot D3cold
[    0.868394] pci 0000:00:18.1: [15ad:07a0] type 01 class 0x060400
[    0.869600] pci 0000:00:18.1: PME# supported from D0 D3hot D3cold
[    0.870135] pci 0000:00:18.2: [15ad:07a0] type 01 class 0x060400
[    0.871355] pci 0000:00:18.2: PME# supported from D0 D3hot D3cold
[    0.871963] pci 0000:00:18.3: [15ad:07a0] type 01 class 0x060400
[    0.873169] pci 0000:00:18.3: PME# supported from D0 D3hot D3cold
[    0.873698] pci 0000:00:18.4: [15ad:07a0] type 01 class 0x060400
[    0.874904] pci 0000:00:18.4: PME# supported from D0 D3hot D3cold
[    0.875439] pci 0000:00:18.5: [15ad:07a0] type 01 class 0x060400
[    0.876651] pci 0000:00:18.5: PME# supported from D0 D3hot D3cold
[    0.877184] pci 0000:00:18.6: [15ad:07a0] type 01 class 0x060400
[    0.878620] pci 0000:00:18.6: PME# supported from D0 D3hot D3cold
[    0.879248] pci 0000:00:18.7: [15ad:07a0] type 01 class 0x060400
[    0.880531] pci 0000:00:18.7: PME# supported from D0 D3hot D3cold
[    0.896529] pci_bus 0000:01: extended config space not accessible
[    0.956952] pci 0000:00:01.0: PCI bridge to [bus 01]
[    0.957275] pci_bus 0000:02: extended config space not accessible
[    0.957643] acpiphp: Slot [32] registered
[    0.957668] acpiphp: Slot [33] registered
[    0.957692] acpiphp: Slot [34] registered
[    0.957739] acpiphp: Slot [35] registered
[    0.957762] acpiphp: Slot [36] registered
[    0.957786] acpiphp: Slot [37] registered
[    0.957809] acpiphp: Slot [38] registered
[    0.957831] acpiphp: Slot [39] registered
[    0.957854] acpiphp: Slot [40] registered
[    0.957891] acpiphp: Slot [41] registered
[    0.957914] acpiphp: Slot [42] registered
[    0.957937] acpiphp: Slot [43] registered
[    0.957959] acpiphp: Slot [44] registered
[    0.957982] acpiphp: Slot [45] registered
[    0.958004] acpiphp: Slot [46] registered
[    0.958042] acpiphp: Slot [47] registered
[    0.958088] acpiphp: Slot [48] registered
[    0.958111] acpiphp: Slot [49] registered
[    0.958134] acpiphp: Slot [50] registered
[    0.958156] acpiphp: Slot [51] registered
[    0.958178] acpiphp: Slot [52] registered
[    0.958201] acpiphp: Slot [53] registered
[    0.958231] acpiphp: Slot [54] registered
[    0.958253] acpiphp: Slot [55] registered
[    0.958276] acpiphp: Slot [56] registered
[    0.958298] acpiphp: Slot [57] registered
[    0.958320] acpiphp: Slot [58] registered
[    0.958342] acpiphp: Slot [59] registered
[    0.958388] acpiphp: Slot [60] registered
[    0.958411] acpiphp: Slot [61] registered
[    0.958434] acpiphp: Slot [62] registered
[    0.958456] acpiphp: Slot [63] registered
[    0.958551] pci 0000:02:00.0: [15ad:0774] type 00 class 0x0c0300
[    0.959639] pci 0000:02:00.0: reg 0x20: [io  0x2080-0x209f]
[    0.962456] pci 0000:02:01.0: [8086:100f] type 00 class 0x020000
[    0.962844] pci 0000:02:01.0: reg 0x10: [mem 0xfd5c0000-0xfd5dffff 64bit]
[    0.963123] pci 0000:02:01.0: reg 0x18: [mem 0xfdff0000-0xfdffffff 64bit]
[    0.963354] pci 0000:02:01.0: reg 0x20: [io  0x2000-0x203f]
[    0.963792] pci 0000:02:01.0: reg 0x30: [mem 0x00000000-0x0000ffff pref]
[    0.964225] pci 0000:02:01.0: PME# supported from D0 D3hot D3cold
[    0.966393] pci 0000:02:02.0: [1274:1371] type 00 class 0x040100
[    0.966689] pci 0000:02:02.0: reg 0x10: [io  0x2040-0x207f]
[    0.970416] pci 0000:02:03.0: [15ad:0770] type 00 class 0x0c0320
[    0.970674] pci 0000:02:03.0: reg 0x10: [mem 0xfd5ef000-0xfd5effff]
[    0.974622] pci 0000:02:04.0: [15ad:07e0] type 00 class 0x010601
[    0.975993] pci 0000:02:04.0: reg 0x24: [mem 0xfd5ee000-0xfd5eefff]
[    0.976194] pci 0000:02:04.0: reg 0x30: [mem 0x00000000-0x0000ffff pref]
[    0.976754] pci 0000:02:04.0: PME# supported from D3hot
[    1.029651] pci 0000:00:11.0: PCI bridge to [bus 02] (subtractive decode)
[    1.029681] pci 0000:00:11.0:   bridge window [io  0x2000-0x3fff]
[    1.029722] pci 0000:00:11.0:   bridge window [mem 0xfd500000-0xfdffffff]
[    1.029775] pci 0000:00:11.0:   bridge window [mem 0xe7b00000-0xe7ffffff 64bit pref]
[    1.029777] pci 0000:00:11.0:   bridge window [mem 0x000a0000-0x000bffff window] (subtractive decode)
[    1.029778] pci 0000:00:11.0:   bridge window [mem 0x000d0000-0x000d3fff window] (subtractive decode)
[    1.029778] pci 0000:00:11.0:   bridge window [mem 0x000d4000-0x000d7fff window] (subtractive decode)
[    1.029779] pci 0000:00:11.0:   bridge window [mem 0x000d8000-0x000dbfff window] (subtractive decode)
[    1.029779] pci 0000:00:11.0:   bridge window [mem 0xc0000000-0xfebfffff window] (subtractive decode)
[    1.029780] pci 0000:00:11.0:   bridge window [io  0x0000-0x0cf7 window] (subtractive decode)
[    1.029781] pci 0000:00:11.0:   bridge window [io  0x0d00-0xfeff window] (subtractive decode)
[    1.089710] pci 0000:00:15.0: PCI bridge to [bus 03]
[    1.089746] pci 0000:00:15.0:   bridge window [io  0x4000-0x4fff]
[    1.089774] pci 0000:00:15.0:   bridge window [mem 0xfd400000-0xfd4fffff]
[    1.089828] pci 0000:00:15.0:   bridge window [mem 0xe7a00000-0xe7afffff 64bit pref]
[    1.147910] pci 0000:00:15.1: PCI bridge to [bus 04]
[    1.147949] pci 0000:00:15.1:   bridge window [io  0x8000-0x8fff]
[    1.147976] pci 0000:00:15.1:   bridge window [mem 0xfd000000-0xfd0fffff]
[    1.148027] pci 0000:00:15.1:   bridge window [mem 0xe7600000-0xe76fffff 64bit pref]
[    1.204945] pci 0000:00:15.2: PCI bridge to [bus 05]
[    1.204976] pci 0000:00:15.2:   bridge window [io  0xc000-0xcfff]
[    1.205002] pci 0000:00:15.2:   bridge window [mem 0xfcc00000-0xfccfffff]
[    1.205053] pci 0000:00:15.2:   bridge window [mem 0xe7200000-0xe72fffff 64bit pref]
[    1.263737] pci 0000:00:15.3: PCI bridge to [bus 06]
[    1.263798] pci 0000:00:15.3:   bridge window [mem 0xfc800000-0xfc8fffff]
[    1.263851] pci 0000:00:15.3:   bridge window [mem 0xe6e00000-0xe6efffff 64bit pref]
[    1.324409] pci 0000:00:15.4: PCI bridge to [bus 07]
[    1.324474] pci 0000:00:15.4:   bridge window [mem 0xfc400000-0xfc4fffff]
[    1.324529] pci 0000:00:15.4:   bridge window [mem 0xe6a00000-0xe6afffff 64bit pref]
[    1.385546] pci 0000:00:15.5: PCI bridge to [bus 08]
[    1.385609] pci 0000:00:15.5:   bridge window [mem 0xfc000000-0xfc0fffff]
[    1.385677] pci 0000:00:15.5:   bridge window [mem 0xe6600000-0xe66fffff 64bit pref]
[    1.446484] pci 0000:00:15.6: PCI bridge to [bus 09]
[    1.446551] pci 0000:00:15.6:   bridge window [mem 0xfbc00000-0xfbcfffff]
[    1.446605] pci 0000:00:15.6:   bridge window [mem 0xe6200000-0xe62fffff 64bit pref]
[    1.509488] pci 0000:00:15.7: PCI bridge to [bus 0a]
[    1.509551] pci 0000:00:15.7:   bridge window [mem 0xfb800000-0xfb8fffff]
[    1.509604] pci 0000:00:15.7:   bridge window [mem 0xe5e00000-0xe5efffff 64bit pref]
[    1.571643] pci 0000:00:16.0: PCI bridge to [bus 0b]
[    1.571690] pci 0000:00:16.0:   bridge window [io  0x5000-0x5fff]
[    1.571732] pci 0000:00:16.0:   bridge window [mem 0xfd300000-0xfd3fffff]
[    1.571786] pci 0000:00:16.0:   bridge window [mem 0xe7900000-0xe79fffff 64bit pref]
[    1.633190] pci 0000:00:16.1: PCI bridge to [bus 0c]
[    1.633235] pci 0000:00:16.1:   bridge window [io  0x9000-0x9fff]
[    1.633265] pci 0000:00:16.1:   bridge window [mem 0xfcf00000-0xfcffffff]
[    1.633322] pci 0000:00:16.1:   bridge window [mem 0xe7500000-0xe75fffff 64bit pref]
[    1.695338] pci 0000:00:16.2: PCI bridge to [bus 0d]
[    1.695376] pci 0000:00:16.2:   bridge window [io  0xd000-0xdfff]
[    1.695411] pci 0000:00:16.2:   bridge window [mem 0xfcb00000-0xfcbfffff]
[    1.695468] pci 0000:00:16.2:   bridge window [mem 0xe7100000-0xe71fffff 64bit pref]
[    1.757610] pci 0000:00:16.3: PCI bridge to [bus 0e]
[    1.757690] pci 0000:00:16.3:   bridge window [mem 0xfc700000-0xfc7fffff]
[    1.757745] pci 0000:00:16.3:   bridge window [mem 0xe6d00000-0xe6dfffff 64bit pref]
[    1.818869] pci 0000:00:16.4: PCI bridge to [bus 0f]
[    1.818931] pci 0000:00:16.4:   bridge window [mem 0xfc300000-0xfc3fffff]
[    1.818984] pci 0000:00:16.4:   bridge window [mem 0xe6900000-0xe69fffff 64bit pref]
[    1.877438] pci 0000:00:16.5: PCI bridge to [bus 10]
[    1.877493] pci 0000:00:16.5:   bridge window [mem 0xfbf00000-0xfbffffff]
[    1.877546] pci 0000:00:16.5:   bridge window [mem 0xe6500000-0xe65fffff 64bit pref]
[    1.934059] pci 0000:00:16.6: PCI bridge to [bus 11]
[    1.934113] pci 0000:00:16.6:   bridge window [mem 0xfbb00000-0xfbbfffff]
[    1.934165] pci 0000:00:16.6:   bridge window [mem 0xe6100000-0xe61fffff 64bit pref]
[    1.991572] pci 0000:00:16.7: PCI bridge to [bus 12]
[    1.991631] pci 0000:00:16.7:   bridge window [mem 0xfb700000-0xfb7fffff]
[    1.991682] pci 0000:00:16.7:   bridge window [mem 0xe5d00000-0xe5dfffff 64bit pref]
[    2.048374] pci 0000:00:17.0: PCI bridge to [bus 13]
[    2.048438] pci 0000:00:17.0:   bridge window [io  0x6000-0x6fff]
[    2.048508] pci 0000:00:17.0:   bridge window [mem 0xfd200000-0xfd2fffff]
[    2.048604] pci 0000:00:17.0:   bridge window [mem 0xe7800000-0xe78fffff 64bit pref]
[    2.105195] pci 0000:00:17.1: PCI bridge to [bus 14]
[    2.105224] pci 0000:00:17.1:   bridge window [io  0xa000-0xafff]
[    2.105251] pci 0000:00:17.1:   bridge window [mem 0xfce00000-0xfcefffff]
[    2.105303] pci 0000:00:17.1:   bridge window [mem 0xe7400000-0xe74fffff 64bit pref]
[    2.163292] pci 0000:00:17.2: PCI bridge to [bus 15]
[    2.163324] pci 0000:00:17.2:   bridge window [io  0xe000-0xefff]
[    2.163350] pci 0000:00:17.2:   bridge window [mem 0xfca00000-0xfcafffff]
[    2.163403] pci 0000:00:17.2:   bridge window [mem 0xe7000000-0xe70fffff 64bit pref]
[    2.220282] pci 0000:00:17.3: PCI bridge to [bus 16]
[    2.220338] pci 0000:00:17.3:   bridge window [mem 0xfc600000-0xfc6fffff]
[    2.220416] pci 0000:00:17.3:   bridge window [mem 0xe6c00000-0xe6cfffff 64bit pref]
[    2.279828] pci 0000:00:17.4: PCI bridge to [bus 17]
[    2.279889] pci 0000:00:17.4:   bridge window [mem 0xfc200000-0xfc2fffff]
[    2.279943] pci 0000:00:17.4:   bridge window [mem 0xe6800000-0xe68fffff 64bit pref]
[    2.338703] pci 0000:00:17.5: PCI bridge to [bus 18]
[    2.338771] pci 0000:00:17.5:   bridge window [mem 0xfbe00000-0xfbefffff]
[    2.338833] pci 0000:00:17.5:   bridge window [mem 0xe6400000-0xe64fffff 64bit pref]
[    2.399688] pci 0000:00:17.6: PCI bridge to [bus 19]
[    2.399750] pci 0000:00:17.6:   bridge window [mem 0xfba00000-0xfbafffff]
[    2.399803] pci 0000:00:17.6:   bridge window [mem 0xe6000000-0xe60fffff 64bit pref]
[    2.461501] pci 0000:00:17.7: PCI bridge to [bus 1a]
[    2.461563] pci 0000:00:17.7:   bridge window [mem 0xfb600000-0xfb6fffff]
[    2.461618] pci 0000:00:17.7:   bridge window [mem 0xe5c00000-0xe5cfffff 64bit pref]
[    2.523289] pci 0000:00:18.0: PCI bridge to [bus 1b]
[    2.523325] pci 0000:00:18.0:   bridge window [io  0x7000-0x7fff]
[    2.523353] pci 0000:00:18.0:   bridge window [mem 0xfd100000-0xfd1fffff]
[    2.523407] pci 0000:00:18.0:   bridge window [mem 0xe7700000-0xe77fffff 64bit pref]
[    2.585434] pci 0000:00:18.1: PCI bridge to [bus 1c]
[    2.585471] pci 0000:00:18.1:   bridge window [io  0xb000-0xbfff]
[    2.585500] pci 0000:00:18.1:   bridge window [mem 0xfcd00000-0xfcdfffff]
[    2.585557] pci 0000:00:18.1:   bridge window [mem 0xe7300000-0xe73fffff 64bit pref]
[    2.647339] pci 0000:00:18.2: PCI bridge to [bus 1d]
[    2.647402] pci 0000:00:18.2:   bridge window [mem 0xfc900000-0xfc9fffff]
[    2.647455] pci 0000:00:18.2:   bridge window [mem 0xe6f00000-0xe6ffffff 64bit pref]
[    2.709483] pci 0000:00:18.3: PCI bridge to [bus 1e]
[    2.709546] pci 0000:00:18.3:   bridge window [mem 0xfc500000-0xfc5fffff]
[    2.709600] pci 0000:00:18.3:   bridge window [mem 0xe6b00000-0xe6bfffff 64bit pref]
[    2.770696] pci 0000:00:18.4: PCI bridge to [bus 1f]
[    2.770767] pci 0000:00:18.4:   bridge window [mem 0xfc100000-0xfc1fffff]
[    2.770825] pci 0000:00:18.4:   bridge window [mem 0xe6700000-0xe67fffff 64bit pref]
[    2.831413] pci 0000:00:18.5: PCI bridge to [bus 20]
[    2.831475] pci 0000:00:18.5:   bridge window [mem 0xfbd00000-0xfbdfffff]
[    2.831528] pci 0000:00:18.5:   bridge window [mem 0xe6300000-0xe63fffff 64bit pref]
[    2.890265] pci 0000:00:18.6: PCI bridge to [bus 21]
[    2.890324] pci 0000:00:18.6:   bridge window [mem 0xfb900000-0xfb9fffff]
[    2.890376] pci 0000:00:18.6:   bridge window [mem 0xe5f00000-0xe5ffffff 64bit pref]
[    2.946923] pci 0000:00:18.7: PCI bridge to [bus 22]
[    2.946981] pci 0000:00:18.7:   bridge window [mem 0xfb500000-0xfb5fffff]
[    2.947031] pci 0000:00:18.7:   bridge window [mem 0xe5b00000-0xe5bfffff 64bit pref]
[    2.950517] ACPI: PCI Interrupt Link [LNKA] (IRQs 3 4 5 6 7 *9 10 11 14 15)
[    2.950633] ACPI: PCI Interrupt Link [LNKB] (IRQs 3 4 5 6 7 9 10 *11 14 15)
[    2.950741] ACPI: PCI Interrupt Link [LNKC] (IRQs 3 4 5 6 7 9 *10 11 14 15)
[    2.950869] ACPI: PCI Interrupt Link [LNKD] (IRQs 3 4 5 6 *7 9 10 11 14 15)
[    2.991796] iommu: Default domain type: Translated 
[    2.991796] SCSI subsystem initialized
[    2.991796] libata version 3.00 loaded.
[    2.991796] pci 0000:00:0f.0: vgaarb: setting as boot VGA device
[    2.991796] pci 0000:00:0f.0: vgaarb: VGA device added: decodes=io+mem,owns=io+mem,locks=none
[    2.991796] pci 0000:00:0f.0: vgaarb: bridge control possible
[    2.991796] vgaarb: loaded
[    2.991796] ACPI: bus type USB registered
[    2.991796] usbcore: registered new interface driver usbfs
[    2.991796] usbcore: registered new interface driver hub
[    2.991796] usbcore: registered new device driver usb
[    2.991796] pps_core: LinuxPPS API ver. 1 registered
[    2.991796] pps_core: Software ver. 5.3.6 - Copyright 2005-2007 Rodolfo Giometti <giometti@linux.it>
[    2.991796] PTP clock support registered
[    2.991796] EDAC MC: Ver: 3.0.0
[    2.994913] NetLabel: Initializing
[    2.994914] NetLabel:  domain hash size = 128
[    2.994914] NetLabel:  protocols = UNLABELED CIPSOv4 CALIPSO
[    2.994921] NetLabel:  unlabeled traffic allowed by default
[    2.994965] PCI: Using ACPI for IRQ routing
[    3.255915] PCI: pci_cache_line_size set to 64 bytes
[    3.257123] e820: reserve RAM buffer [mem 0x0009e800-0x0009ffff]
[    3.257126] e820: reserve RAM buffer [mem 0xbfed0000-0xbfffffff]
[    3.259007] hpet0: at MMIO 0xfed00000, IRQs 2, 8, 0, 0, 0, 0, 0, 0, 0, 0, 0, 0, 0, 0, 0, 0
[    3.259010] hpet0: 16 comparators, 64-bit 14.318180 MHz counter
[    3.262218] clocksource: Switched to clocksource tsc-early
[    3.297178] VFS: Disk quotas dquot_6.6.0
[    3.297220] VFS: Dquot-cache hash table entries: 512 (order 0, 4096 bytes)
[    3.297547] AppArmor: AppArmor Filesystem Enabled
[    3.297568] pnp: PnP ACPI init
[    3.297759] system 00:00: [io  0x1000-0x103f] has been reserved
[    3.297760] system 00:00: [io  0x1040-0x104f] has been reserved
[    3.297778] system 00:00: [io  0x0cf0-0x0cf1] has been reserved
[    3.297783] system 00:00: Plug and Play ACPI device, IDs PNP0c02 (active)
[    3.297833] pnp 00:01: Plug and Play ACPI device, IDs PNP0b00 (active)
[    3.297848] pnp 00:02: Plug and Play ACPI device, IDs PNP0303 (active)
[    3.297859] pnp 00:03: Plug and Play ACPI device, IDs VMW0003 PNP0f13 (active)
[    3.298124] system 00:04: [mem 0xfed00000-0xfed003ff] has been reserved
[    3.298127] system 00:04: Plug and Play ACPI device, IDs PNP0103 PNP0c01 (active)
[    3.299732] pnp 00:05: Plug and Play ACPI device, IDs PNP0501 (active)
[    3.300063] pnp 00:06: [dma 2]
[    3.300083] pnp 00:06: Plug and Play ACPI device, IDs PNP0700 (active)
[    3.300327] system 00:07: [io  0xfce0-0xfcff] has been reserved
[    3.300328] system 00:07: [mem 0xf0000000-0xf7ffffff] has been reserved
[    3.300329] system 00:07: [mem 0xfe800000-0xfe9fffff] has been reserved
[    3.300332] system 00:07: Plug and Play ACPI device, IDs PNP0c02 (active)
[    3.332199] pnp: PnP ACPI: found 8 devices
[    3.342752] clocksource: acpi_pm: mask: 0xffffff max_cycles: 0xffffff, max_idle_ns: 2085701024 ns
[    3.342841] NET: Registered protocol family 2
[    3.348123] tcp_listen_portaddr_hash hash table entries: 2048 (order: 3, 32768 bytes, linear)
[    3.348755] TCP established hash table entries: 32768 (order: 6, 262144 bytes, linear)
[    3.350179] TCP bind hash table entries: 32768 (order: 7, 524288 bytes, linear)
[    3.350211] TCP: Hash tables configured (established 32768 bind 32768)
[    3.351634] UDP hash table entries: 2048 (order: 4, 65536 bytes, linear)
[    3.351803] UDP-Lite hash table entries: 2048 (order: 4, 65536 bytes, linear)
[    3.352690] NET: Registered protocol family 1
[    3.352694] NET: Registered protocol family 44
[    3.352711] pci 0000:00:15.3: bridge window [io  0x1000-0x0fff] to [bus 06] add_size 1000
[    3.352712] pci 0000:00:15.4: bridge window [io  0x1000-0x0fff] to [bus 07] add_size 1000
[    3.352713] pci 0000:00:15.5: bridge window [io  0x1000-0x0fff] to [bus 08] add_size 1000
[    3.352714] pci 0000:00:15.6: bridge window [io  0x1000-0x0fff] to [bus 09] add_size 1000
[    3.352715] pci 0000:00:15.7: bridge window [io  0x1000-0x0fff] to [bus 0a] add_size 1000
[    3.352716] pci 0000:00:16.3: bridge window [io  0x1000-0x0fff] to [bus 0e] add_size 1000
[    3.352717] pci 0000:00:16.4: bridge window [io  0x1000-0x0fff] to [bus 0f] add_size 1000
[    3.352717] pci 0000:00:16.5: bridge window [io  0x1000-0x0fff] to [bus 10] add_size 1000
[    3.352718] pci 0000:00:16.6: bridge window [io  0x1000-0x0fff] to [bus 11] add_size 1000
[    3.352719] pci 0000:00:16.7: bridge window [io  0x1000-0x0fff] to [bus 12] add_size 1000
[    3.352720] pci 0000:00:17.3: bridge window [io  0x1000-0x0fff] to [bus 16] add_size 1000
[    3.352721] pci 0000:00:17.4: bridge window [io  0x1000-0x0fff] to [bus 17] add_size 1000
[    3.352721] pci 0000:00:17.5: bridge window [io  0x1000-0x0fff] to [bus 18] add_size 1000
[    3.352722] pci 0000:00:17.6: bridge window [io  0x1000-0x0fff] to [bus 19] add_size 1000
[    3.352723] pci 0000:00:17.7: bridge window [io  0x1000-0x0fff] to [bus 1a] add_size 1000
[    3.352723] pci 0000:00:18.2: bridge window [io  0x1000-0x0fff] to [bus 1d] add_size 1000
[    3.352724] pci 0000:00:18.3: bridge window [io  0x1000-0x0fff] to [bus 1e] add_size 1000
[    3.352725] pci 0000:00:18.4: bridge window [io  0x1000-0x0fff] to [bus 1f] add_size 1000
[    3.352726] pci 0000:00:18.5: bridge window [io  0x1000-0x0fff] to [bus 20] add_size 1000
[    3.352726] pci 0000:00:18.6: bridge window [io  0x1000-0x0fff] to [bus 21] add_size 1000
[    3.352727] pci 0000:00:18.7: bridge window [io  0x1000-0x0fff] to [bus 22] add_size 1000
[    3.352755] pci 0000:00:0f.0: BAR 6: assigned [mem 0xc0000000-0xc0007fff pref]
[    3.352756] pci 0000:00:10.0: BAR 6: assigned [mem 0xc0008000-0xc000bfff pref]
[    3.352758] pci 0000:00:15.3: BAR 13: no space for [io  size 0x1000]
[    3.352759] pci 0000:00:15.3: BAR 13: failed to assign [io  size 0x1000]
[    3.352760] pci 0000:00:15.4: BAR 13: no space for [io  size 0x1000]
[    3.352761] pci 0000:00:15.4: BAR 13: failed to assign [io  size 0x1000]
[    3.352762] pci 0000:00:15.5: BAR 13: no space for [io  size 0x1000]
[    3.352763] pci 0000:00:15.5: BAR 13: failed to assign [io  size 0x1000]
[    3.352764] pci 0000:00:15.6: BAR 13: no space for [io  size 0x1000]
[    3.352764] pci 0000:00:15.6: BAR 13: failed to assign [io  size 0x1000]
[    3.352765] pci 0000:00:15.7: BAR 13: no space for [io  size 0x1000]
[    3.352766] pci 0000:00:15.7: BAR 13: failed to assign [io  size 0x1000]
[    3.352767] pci 0000:00:16.3: BAR 13: no space for [io  size 0x1000]
[    3.352767] pci 0000:00:16.3: BAR 13: failed to assign [io  size 0x1000]
[    3.352768] pci 0000:00:16.4: BAR 13: no space for [io  size 0x1000]
[    3.352769] pci 0000:00:16.4: BAR 13: failed to assign [io  size 0x1000]
[    3.352770] pci 0000:00:16.5: BAR 13: no space for [io  size 0x1000]
[    3.352770] pci 0000:00:16.5: BAR 13: failed to assign [io  size 0x1000]
[    3.352771] pci 0000:00:16.6: BAR 13: no space for [io  size 0x1000]
[    3.352772] pci 0000:00:16.6: BAR 13: failed to assign [io  size 0x1000]
[    3.352773] pci 0000:00:16.7: BAR 13: no space for [io  size 0x1000]
[    3.352773] pci 0000:00:16.7: BAR 13: failed to assign [io  size 0x1000]
[    3.352774] pci 0000:00:17.3: BAR 13: no space for [io  size 0x1000]
[    3.352775] pci 0000:00:17.3: BAR 13: failed to assign [io  size 0x1000]
[    3.352776] pci 0000:00:17.4: BAR 13: no space for [io  size 0x1000]
[    3.352776] pci 0000:00:17.4: BAR 13: failed to assign [io  size 0x1000]
[    3.352777] pci 0000:00:17.5: BAR 13: no space for [io  size 0x1000]
[    3.352778] pci 0000:00:17.5: BAR 13: failed to assign [io  size 0x1000]
[    3.352779] pci 0000:00:17.6: BAR 13: no space for [io  size 0x1000]
[    3.352779] pci 0000:00:17.6: BAR 13: failed to assign [io  size 0x1000]
[    3.352780] pci 0000:00:17.7: BAR 13: no space for [io  size 0x1000]
[    3.352780] pci 0000:00:17.7: BAR 13: failed to assign [io  size 0x1000]
[    3.352796] pci 0000:00:18.2: BAR 13: no space for [io  size 0x1000]
[    3.352797] pci 0000:00:18.2: BAR 13: failed to assign [io  size 0x1000]
[    3.352798] pci 0000:00:18.3: BAR 13: no space for [io  size 0x1000]
[    3.352798] pci 0000:00:18.3: BAR 13: failed to assign [io  size 0x1000]
[    3.352799] pci 0000:00:18.4: BAR 13: no space for [io  size 0x1000]
[    3.352800] pci 0000:00:18.4: BAR 13: failed to assign [io  size 0x1000]
[    3.352801] pci 0000:00:18.5: BAR 13: no space for [io  size 0x1000]
[    3.352801] pci 0000:00:18.5: BAR 13: failed to assign [io  size 0x1000]
[    3.352802] pci 0000:00:18.6: BAR 13: no space for [io  size 0x1000]
[    3.352803] pci 0000:00:18.6: BAR 13: failed to assign [io  size 0x1000]
[    3.352804] pci 0000:00:18.7: BAR 13: no space for [io  size 0x1000]
[    3.352804] pci 0000:00:18.7: BAR 13: failed to assign [io  size 0x1000]
[    3.352808] pci 0000:00:18.7: BAR 13: no space for [io  size 0x1000]
[    3.352808] pci 0000:00:18.7: BAR 13: failed to assign [io  size 0x1000]
[    3.352809] pci 0000:00:18.6: BAR 13: no space for [io  size 0x1000]
[    3.352810] pci 0000:00:18.6: BAR 13: failed to assign [io  size 0x1000]
[    3.352811] pci 0000:00:18.5: BAR 13: no space for [io  size 0x1000]
[    3.352811] pci 0000:00:18.5: BAR 13: failed to assign [io  size 0x1000]
[    3.352812] pci 0000:00:18.4: BAR 13: no space for [io  size 0x1000]
[    3.352813] pci 0000:00:18.4: BAR 13: failed to assign [io  size 0x1000]
[    3.352814] pci 0000:00:18.3: BAR 13: no space for [io  size 0x1000]
[    3.352814] pci 0000:00:18.3: BAR 13: failed to assign [io  size 0x1000]
[    3.352815] pci 0000:00:18.2: BAR 13: no space for [io  size 0x1000]
[    3.352816] pci 0000:00:18.2: BAR 13: failed to assign [io  size 0x1000]
[    3.352817] pci 0000:00:17.7: BAR 13: no space for [io  size 0x1000]
[    3.352817] pci 0000:00:17.7: BAR 13: failed to assign [io  size 0x1000]
[    3.352818] pci 0000:00:17.6: BAR 13: no space for [io  size 0x1000]
[    3.352818] pci 0000:00:17.6: BAR 13: failed to assign [io  size 0x1000]
[    3.352819] pci 0000:00:17.5: BAR 13: no space for [io  size 0x1000]
[    3.352820] pci 0000:00:17.5: BAR 13: failed to assign [io  size 0x1000]
[    3.352821] pci 0000:00:17.4: BAR 13: no space for [io  size 0x1000]
[    3.352821] pci 0000:00:17.4: BAR 13: failed to assign [io  size 0x1000]
[    3.352822] pci 0000:00:17.3: BAR 13: no space for [io  size 0x1000]
[    3.352823] pci 0000:00:17.3: BAR 13: failed to assign [io  size 0x1000]
[    3.352824] pci 0000:00:16.7: BAR 13: no space for [io  size 0x1000]
[    3.352824] pci 0000:00:16.7: BAR 13: failed to assign [io  size 0x1000]
[    3.352825] pci 0000:00:16.6: BAR 13: no space for [io  size 0x1000]
[    3.352826] pci 0000:00:16.6: BAR 13: failed to assign [io  size 0x1000]
[    3.352827] pci 0000:00:16.5: BAR 13: no space for [io  size 0x1000]
[    3.352827] pci 0000:00:16.5: BAR 13: failed to assign [io  size 0x1000]
[    3.352828] pci 0000:00:16.4: BAR 13: no space for [io  size 0x1000]
[    3.352829] pci 0000:00:16.4: BAR 13: failed to assign [io  size 0x1000]
[    3.352830] pci 0000:00:16.3: BAR 13: no space for [io  size 0x1000]
[    3.352830] pci 0000:00:16.3: BAR 13: failed to assign [io  size 0x1000]
[    3.352831] pci 0000:00:15.7: BAR 13: no space for [io  size 0x1000]
[    3.352832] pci 0000:00:15.7: BAR 13: failed to assign [io  size 0x1000]
[    3.352833] pci 0000:00:15.6: BAR 13: no space for [io  size 0x1000]
[    3.352833] pci 0000:00:15.6: BAR 13: failed to assign [io  size 0x1000]
[    3.352834] pci 0000:00:15.5: BAR 13: no space for [io  size 0x1000]
[    3.352835] pci 0000:00:15.5: BAR 13: failed to assign [io  size 0x1000]
[    3.352836] pci 0000:00:15.4: BAR 13: no space for [io  size 0x1000]
[    3.352836] pci 0000:00:15.4: BAR 13: failed to assign [io  size 0x1000]
[    3.352837] pci 0000:00:15.3: BAR 13: no space for [io  size 0x1000]
[    3.352838] pci 0000:00:15.3: BAR 13: failed to assign [io  size 0x1000]
[    3.352839] pci 0000:00:01.0: PCI bridge to [bus 01]
[    3.352980] pci 0000:02:01.0: BAR 6: assigned [mem 0xfd500000-0xfd50ffff pref]
[    3.352981] pci 0000:02:04.0: BAR 6: assigned [mem 0xfd510000-0xfd51ffff pref]
[    3.352982] pci 0000:00:11.0: PCI bridge to [bus 02]
[    3.353004] pci 0000:00:11.0:   bridge window [io  0x2000-0x3fff]
[    3.353061] pci 0000:00:11.0:   bridge window [mem 0xfd500000-0xfdffffff]
[    3.353088] pci 0000:00:11.0:   bridge window [mem 0xe7b00000-0xe7ffffff 64bit pref]
[    3.353141] pci 0000:00:15.0: PCI bridge to [bus 03]
[    3.353157] pci 0000:00:15.0:   bridge window [io  0x4000-0x4fff]
[    3.353198] pci 0000:00:15.0:   bridge window [mem 0xfd400000-0xfd4fffff]
[    3.353224] pci 0000:00:15.0:   bridge window [mem 0xe7a00000-0xe7afffff 64bit pref]
[    3.353314] pci 0000:00:15.1: PCI bridge to [bus 04]
[    3.353332] pci 0000:00:15.1:   bridge window [io  0x8000-0x8fff]
[    3.353373] pci 0000:00:15.1:   bridge window [mem 0xfd000000-0xfd0fffff]
[    3.353400] pci 0000:00:15.1:   bridge window [mem 0xe7600000-0xe76fffff 64bit pref]
[    3.353465] pci 0000:00:15.2: PCI bridge to [bus 05]
[    3.353482] pci 0000:00:15.2:   bridge window [io  0xc000-0xcfff]
[    3.353523] pci 0000:00:15.2:   bridge window [mem 0xfcc00000-0xfccfffff]
[    3.353550] pci 0000:00:15.2:   bridge window [mem 0xe7200000-0xe72fffff 64bit pref]
[    3.353614] pci 0000:00:15.3: PCI bridge to [bus 06]
[    3.353654] pci 0000:00:15.3:   bridge window [mem 0xfc800000-0xfc8fffff]
[    3.353681] pci 0000:00:15.3:   bridge window [mem 0xe6e00000-0xe6efffff 64bit pref]
[    3.353752] pci 0000:00:15.4: PCI bridge to [bus 07]
[    3.353793] pci 0000:00:15.4:   bridge window [mem 0xfc400000-0xfc4fffff]
[    3.353820] pci 0000:00:15.4:   bridge window [mem 0xe6a00000-0xe6afffff 64bit pref]
[    3.353884] pci 0000:00:15.5: PCI bridge to [bus 08]
[    3.353924] pci 0000:00:15.5:   bridge window [mem 0xfc000000-0xfc0fffff]
[    3.353951] pci 0000:00:15.5:   bridge window [mem 0xe6600000-0xe66fffff 64bit pref]
[    3.354017] pci 0000:00:15.6: PCI bridge to [bus 09]
[    3.354058] pci 0000:00:15.6:   bridge window [mem 0xfbc00000-0xfbcfffff]
[    3.354085] pci 0000:00:15.6:   bridge window [mem 0xe6200000-0xe62fffff 64bit pref]
[    3.354148] pci 0000:00:15.7: PCI bridge to [bus 0a]
[    3.354188] pci 0000:00:15.7:   bridge window [mem 0xfb800000-0xfb8fffff]
[    3.354215] pci 0000:00:15.7:   bridge window [mem 0xe5e00000-0xe5efffff 64bit pref]
[    3.354284] pci 0000:00:16.0: PCI bridge to [bus 0b]
[    3.354302] pci 0000:00:16.0:   bridge window [io  0x5000-0x5fff]
[    3.354343] pci 0000:00:16.0:   bridge window [mem 0xfd300000-0xfd3fffff]
[    3.354370] pci 0000:00:16.0:   bridge window [mem 0xe7900000-0xe79fffff 64bit pref]
[    3.354434] pci 0000:00:16.1: PCI bridge to [bus 0c]
[    3.354451] pci 0000:00:16.1:   bridge window [io  0x9000-0x9fff]
[    3.354492] pci 0000:00:16.1:   bridge window [mem 0xfcf00000-0xfcffffff]
[    3.354518] pci 0000:00:16.1:   bridge window [mem 0xe7500000-0xe75fffff 64bit pref]
[    3.354592] pci 0000:00:16.2: PCI bridge to [bus 0d]
[    3.354609] pci 0000:00:16.2:   bridge window [io  0xd000-0xdfff]
[    3.354650] pci 0000:00:16.2:   bridge window [mem 0xfcb00000-0xfcbfffff]
[    3.354677] pci 0000:00:16.2:   bridge window [mem 0xe7100000-0xe71fffff 64bit pref]
[    3.354742] pci 0000:00:16.3: PCI bridge to [bus 0e]
[    3.354782] pci 0000:00:16.3:   bridge window [mem 0xfc700000-0xfc7fffff]
[    3.354809] pci 0000:00:16.3:   bridge window [mem 0xe6d00000-0xe6dfffff 64bit pref]
[    3.354873] pci 0000:00:16.4: PCI bridge to [bus 0f]
[    3.354913] pci 0000:00:16.4:   bridge window [mem 0xfc300000-0xfc3fffff]
[    3.354940] pci 0000:00:16.4:   bridge window [mem 0xe6900000-0xe69fffff 64bit pref]
[    3.355014] pci 0000:00:16.5: PCI bridge to [bus 10]
[    3.355054] pci 0000:00:16.5:   bridge window [mem 0xfbf00000-0xfbffffff]
[    3.355081] pci 0000:00:16.5:   bridge window [mem 0xe6500000-0xe65fffff 64bit pref]
[    3.355145] pci 0000:00:16.6: PCI bridge to [bus 11]
[    3.355185] pci 0000:00:16.6:   bridge window [mem 0xfbb00000-0xfbbfffff]
[    3.355212] pci 0000:00:16.6:   bridge window [mem 0xe6100000-0xe61fffff 64bit pref]
[    3.355276] pci 0000:00:16.7: PCI bridge to [bus 12]
[    3.355316] pci 0000:00:16.7:   bridge window [mem 0xfb700000-0xfb7fffff]
[    3.355343] pci 0000:00:16.7:   bridge window [mem 0xe5d00000-0xe5dfffff 64bit pref]
[    3.355406] pci 0000:00:17.0: PCI bridge to [bus 13]
[    3.355423] pci 0000:00:17.0:   bridge window [io  0x6000-0x6fff]
[    3.355464] pci 0000:00:17.0:   bridge window [mem 0xfd200000-0xfd2fffff]
[    3.355491] pci 0000:00:17.0:   bridge window [mem 0xe7800000-0xe78fffff 64bit pref]
[    3.355555] pci 0000:00:17.1: PCI bridge to [bus 14]
[    3.355572] pci 0000:00:17.1:   bridge window [io  0xa000-0xafff]
[    3.355615] pci 0000:00:17.1:   bridge window [mem 0xfce00000-0xfcefffff]
[    3.355641] pci 0000:00:17.1:   bridge window [mem 0xe7400000-0xe74fffff 64bit pref]
[    3.355705] pci 0000:00:17.2: PCI bridge to [bus 15]
[    3.355722] pci 0000:00:17.2:   bridge window [io  0xe000-0xefff]
[    3.355763] pci 0000:00:17.2:   bridge window [mem 0xfca00000-0xfcafffff]
[    3.355790] pci 0000:00:17.2:   bridge window [mem 0xe7000000-0xe70fffff 64bit pref]
[    3.355853] pci 0000:00:17.3: PCI bridge to [bus 16]
[    3.355894] pci 0000:00:17.3:   bridge window [mem 0xfc600000-0xfc6fffff]
[    3.355921] pci 0000:00:17.3:   bridge window [mem 0xe6c00000-0xe6cfffff 64bit pref]
[    3.355984] pci 0000:00:17.4: PCI bridge to [bus 17]
[    3.356033] pci 0000:00:17.4:   bridge window [mem 0xfc200000-0xfc2fffff]
[    3.356060] pci 0000:00:17.4:   bridge window [mem 0xe6800000-0xe68fffff 64bit pref]
[    3.356124] pci 0000:00:17.5: PCI bridge to [bus 18]
[    3.356165] pci 0000:00:17.5:   bridge window [mem 0xfbe00000-0xfbefffff]
[    3.356199] pci 0000:00:17.5:   bridge window [mem 0xe6400000-0xe64fffff 64bit pref]
[    3.356263] pci 0000:00:17.6: PCI bridge to [bus 19]
[    3.356304] pci 0000:00:17.6:   bridge window [mem 0xfba00000-0xfbafffff]
[    3.356330] pci 0000:00:17.6:   bridge window [mem 0xe6000000-0xe60fffff 64bit pref]
[    3.356394] pci 0000:00:17.7: PCI bridge to [bus 1a]
[    3.356435] pci 0000:00:17.7:   bridge window [mem 0xfb600000-0xfb6fffff]
[    3.356461] pci 0000:00:17.7:   bridge window [mem 0xe5c00000-0xe5cfffff 64bit pref]
[    3.356525] pci 0000:00:18.0: PCI bridge to [bus 1b]
[    3.356542] pci 0000:00:18.0:   bridge window [io  0x7000-0x7fff]
[    3.356583] pci 0000:00:18.0:   bridge window [mem 0xfd100000-0xfd1fffff]
[    3.356610] pci 0000:00:18.0:   bridge window [mem 0xe7700000-0xe77fffff 64bit pref]
[    3.356674] pci 0000:00:18.1: PCI bridge to [bus 1c]
[    3.356691] pci 0000:00:18.1:   bridge window [io  0xb000-0xbfff]
[    3.356732] pci 0000:00:18.1:   bridge window [mem 0xfcd00000-0xfcdfffff]
[    3.356758] pci 0000:00:18.1:   bridge window [mem 0xe7300000-0xe73fffff 64bit pref]
[    3.356822] pci 0000:00:18.2: PCI bridge to [bus 1d]
[    3.356863] pci 0000:00:18.2:   bridge window [mem 0xfc900000-0xfc9fffff]
[    3.356889] pci 0000:00:18.2:   bridge window [mem 0xe6f00000-0xe6ffffff 64bit pref]
[    3.356953] pci 0000:00:18.3: PCI bridge to [bus 1e]
[    3.357001] pci 0000:00:18.3:   bridge window [mem 0xfc500000-0xfc5fffff]
[    3.357028] pci 0000:00:18.3:   bridge window [mem 0xe6b00000-0xe6bfffff 64bit pref]
[    3.357092] pci 0000:00:18.4: PCI bridge to [bus 1f]
[    3.357133] pci 0000:00:18.4:   bridge window [mem 0xfc100000-0xfc1fffff]
[    3.357159] pci 0000:00:18.4:   bridge window [mem 0xe6700000-0xe67fffff 64bit pref]
[    3.357223] pci 0000:00:18.5: PCI bridge to [bus 20]
[    3.357263] pci 0000:00:18.5:   bridge window [mem 0xfbd00000-0xfbdfffff]
[    3.357290] pci 0000:00:18.5:   bridge window [mem 0xe6300000-0xe63fffff 64bit pref]
[    3.357354] pci 0000:00:18.6: PCI bridge to [bus 21]
[    3.357394] pci 0000:00:18.6:   bridge window [mem 0xfb900000-0xfb9fffff]
[    3.357421] pci 0000:00:18.6:   bridge window [mem 0xe5f00000-0xe5ffffff 64bit pref]
[    3.357500] pci 0000:00:18.7: PCI bridge to [bus 22]
[    3.357583] pci 0000:00:18.7:   bridge window [mem 0xfb500000-0xfb5fffff]
[    3.357610] pci 0000:00:18.7:   bridge window [mem 0xe5b00000-0xe5bfffff 64bit pref]
[    3.357678] pci_bus 0000:00: resource 4 [mem 0x000a0000-0x000bffff window]
[    3.357678] pci_bus 0000:00: resource 5 [mem 0x000d0000-0x000d3fff window]
[    3.357679] pci_bus 0000:00: resource 6 [mem 0x000d4000-0x000d7fff window]
[    3.357679] pci_bus 0000:00: resource 7 [mem 0x000d8000-0x000dbfff window]
[    3.357680] pci_bus 0000:00: resource 8 [mem 0xc0000000-0xfebfffff window]
[    3.357681] pci_bus 0000:00: resource 9 [io  0x0000-0x0cf7 window]
[    3.357681] pci_bus 0000:00: resource 10 [io  0x0d00-0xfeff window]
[    3.357682] pci_bus 0000:02: resource 0 [io  0x2000-0x3fff]
[    3.357683] pci_bus 0000:02: resource 1 [mem 0xfd500000-0xfdffffff]
[    3.357683] pci_bus 0000:02: resource 2 [mem 0xe7b00000-0xe7ffffff 64bit pref]
[    3.357684] pci_bus 0000:02: resource 4 [mem 0x000a0000-0x000bffff window]
[    3.357684] pci_bus 0000:02: resource 5 [mem 0x000d0000-0x000d3fff window]
[    3.357685] pci_bus 0000:02: resource 6 [mem 0x000d4000-0x000d7fff window]
[    3.357685] pci_bus 0000:02: resource 7 [mem 0x000d8000-0x000dbfff window]
[    3.357686] pci_bus 0000:02: resource 8 [mem 0xc0000000-0xfebfffff window]
[    3.357686] pci_bus 0000:02: resource 9 [io  0x0000-0x0cf7 window]
[    3.357687] pci_bus 0000:02: resource 10 [io  0x0d00-0xfeff window]
[    3.357688] pci_bus 0000:03: resource 0 [io  0x4000-0x4fff]
[    3.357688] pci_bus 0000:03: resource 1 [mem 0xfd400000-0xfd4fffff]
[    3.357689] pci_bus 0000:03: resource 2 [mem 0xe7a00000-0xe7afffff 64bit pref]
[    3.357689] pci_bus 0000:04: resource 0 [io  0x8000-0x8fff]
[    3.357690] pci_bus 0000:04: resource 1 [mem 0xfd000000-0xfd0fffff]
[    3.357690] pci_bus 0000:04: resource 2 [mem 0xe7600000-0xe76fffff 64bit pref]
[    3.357691] pci_bus 0000:05: resource 0 [io  0xc000-0xcfff]
[    3.357692] pci_bus 0000:05: resource 1 [mem 0xfcc00000-0xfccfffff]
[    3.357692] pci_bus 0000:05: resource 2 [mem 0xe7200000-0xe72fffff 64bit pref]
[    3.357693] pci_bus 0000:06: resource 1 [mem 0xfc800000-0xfc8fffff]
[    3.357693] pci_bus 0000:06: resource 2 [mem 0xe6e00000-0xe6efffff 64bit pref]
[    3.357694] pci_bus 0000:07: resource 1 [mem 0xfc400000-0xfc4fffff]
[    3.357694] pci_bus 0000:07: resource 2 [mem 0xe6a00000-0xe6afffff 64bit pref]
[    3.357695] pci_bus 0000:08: resource 1 [mem 0xfc000000-0xfc0fffff]
[    3.357695] pci_bus 0000:08: resource 2 [mem 0xe6600000-0xe66fffff 64bit pref]
[    3.357696] pci_bus 0000:09: resource 1 [mem 0xfbc00000-0xfbcfffff]
[    3.357696] pci_bus 0000:09: resource 2 [mem 0xe6200000-0xe62fffff 64bit pref]
[    3.357697] pci_bus 0000:0a: resource 1 [mem 0xfb800000-0xfb8fffff]
[    3.357697] pci_bus 0000:0a: resource 2 [mem 0xe5e00000-0xe5efffff 64bit pref]
[    3.357698] pci_bus 0000:0b: resource 0 [io  0x5000-0x5fff]
[    3.357698] pci_bus 0000:0b: resource 1 [mem 0xfd300000-0xfd3fffff]
[    3.357699] pci_bus 0000:0b: resource 2 [mem 0xe7900000-0xe79fffff 64bit pref]
[    3.357700] pci_bus 0000:0c: resource 0 [io  0x9000-0x9fff]
[    3.357700] pci_bus 0000:0c: resource 1 [mem 0xfcf00000-0xfcffffff]
[    3.357701] pci_bus 0000:0c: resource 2 [mem 0xe7500000-0xe75fffff 64bit pref]
[    3.357701] pci_bus 0000:0d: resource 0 [io  0xd000-0xdfff]
[    3.357701] pci_bus 0000:0d: resource 1 [mem 0xfcb00000-0xfcbfffff]
[    3.357702] pci_bus 0000:0d: resource 2 [mem 0xe7100000-0xe71fffff 64bit pref]
[    3.357703] pci_bus 0000:0e: resource 1 [mem 0xfc700000-0xfc7fffff]
[    3.357703] pci_bus 0000:0e: resource 2 [mem 0xe6d00000-0xe6dfffff 64bit pref]
[    3.357704] pci_bus 0000:0f: resource 1 [mem 0xfc300000-0xfc3fffff]
[    3.357704] pci_bus 0000:0f: resource 2 [mem 0xe6900000-0xe69fffff 64bit pref]
[    3.357705] pci_bus 0000:10: resource 1 [mem 0xfbf00000-0xfbffffff]
[    3.357705] pci_bus 0000:10: resource 2 [mem 0xe6500000-0xe65fffff 64bit pref]
[    3.357706] pci_bus 0000:11: resource 1 [mem 0xfbb00000-0xfbbfffff]
[    3.357706] pci_bus 0000:11: resource 2 [mem 0xe6100000-0xe61fffff 64bit pref]
[    3.357707] pci_bus 0000:12: resource 1 [mem 0xfb700000-0xfb7fffff]
[    3.357707] pci_bus 0000:12: resource 2 [mem 0xe5d00000-0xe5dfffff 64bit pref]
[    3.357708] pci_bus 0000:13: resource 0 [io  0x6000-0x6fff]
[    3.357708] pci_bus 0000:13: resource 1 [mem 0xfd200000-0xfd2fffff]
[    3.357709] pci_bus 0000:13: resource 2 [mem 0xe7800000-0xe78fffff 64bit pref]
[    3.357709] pci_bus 0000:14: resource 0 [io  0xa000-0xafff]
[    3.357710] pci_bus 0000:14: resource 1 [mem 0xfce00000-0xfcefffff]
[    3.357710] pci_bus 0000:14: resource 2 [mem 0xe7400000-0xe74fffff 64bit pref]
[    3.357711] pci_bus 0000:15: resource 0 [io  0xe000-0xefff]
[    3.357711] pci_bus 0000:15: resource 1 [mem 0xfca00000-0xfcafffff]
[    3.357712] pci_bus 0000:15: resource 2 [mem 0xe7000000-0xe70fffff 64bit pref]
[    3.357712] pci_bus 0000:16: resource 1 [mem 0xfc600000-0xfc6fffff]
[    3.357713] pci_bus 0000:16: resource 2 [mem 0xe6c00000-0xe6cfffff 64bit pref]
[    3.357714] pci_bus 0000:17: resource 1 [mem 0xfc200000-0xfc2fffff]
[    3.357714] pci_bus 0000:17: resource 2 [mem 0xe6800000-0xe68fffff 64bit pref]
[    3.357715] pci_bus 0000:18: resource 1 [mem 0xfbe00000-0xfbefffff]
[    3.357715] pci_bus 0000:18: resource 2 [mem 0xe6400000-0xe64fffff 64bit pref]
[    3.357716] pci_bus 0000:19: resource 1 [mem 0xfba00000-0xfbafffff]
[    3.357716] pci_bus 0000:19: resource 2 [mem 0xe6000000-0xe60fffff 64bit pref]
[    3.357717] pci_bus 0000:1a: resource 1 [mem 0xfb600000-0xfb6fffff]
[    3.357717] pci_bus 0000:1a: resource 2 [mem 0xe5c00000-0xe5cfffff 64bit pref]
[    3.357718] pci_bus 0000:1b: resource 0 [io  0x7000-0x7fff]
[    3.357718] pci_bus 0000:1b: resource 1 [mem 0xfd100000-0xfd1fffff]
[    3.357719] pci_bus 0000:1b: resource 2 [mem 0xe7700000-0xe77fffff 64bit pref]
[    3.357719] pci_bus 0000:1c: resource 0 [io  0xb000-0xbfff]
[    3.357720] pci_bus 0000:1c: resource 1 [mem 0xfcd00000-0xfcdfffff]
[    3.357720] pci_bus 0000:1c: resource 2 [mem 0xe7300000-0xe73fffff 64bit pref]
[    3.357721] pci_bus 0000:1d: resource 1 [mem 0xfc900000-0xfc9fffff]
[    3.357721] pci_bus 0000:1d: resource 2 [mem 0xe6f00000-0xe6ffffff 64bit pref]
[    3.357722] pci_bus 0000:1e: resource 1 [mem 0xfc500000-0xfc5fffff]
[    3.357722] pci_bus 0000:1e: resource 2 [mem 0xe6b00000-0xe6bfffff 64bit pref]
[    3.357723] pci_bus 0000:1f: resource 1 [mem 0xfc100000-0xfc1fffff]
[    3.357724] pci_bus 0000:1f: resource 2 [mem 0xe6700000-0xe67fffff 64bit pref]
[    3.357724] pci_bus 0000:20: resource 1 [mem 0xfbd00000-0xfbdfffff]
[    3.357725] pci_bus 0000:20: resource 2 [mem 0xe6300000-0xe63fffff 64bit pref]
[    3.357725] pci_bus 0000:21: resource 1 [mem 0xfb900000-0xfb9fffff]
[    3.357726] pci_bus 0000:21: resource 2 [mem 0xe5f00000-0xe5ffffff 64bit pref]
[    3.357726] pci_bus 0000:22: resource 1 [mem 0xfb500000-0xfb5fffff]
[    3.357727] pci_bus 0000:22: resource 2 [mem 0xe5b00000-0xe5bfffff 64bit pref]
[    3.357893] pci 0000:00:00.0: Limiting direct PCI/PCI transfers
[    3.358033] pci 0000:00:0f.0: Video device with shadowed ROM at [mem 0x000c0000-0x000dffff]
[    3.359422] pci 0000:02:01.0: CLS mismatch (32 != 64), using 64 bytes
[    3.360222] Trying to unpack rootfs image as initramfs...
[    3.911574] Freeing initrd memory: 50832K
[    3.911594] PCI-DMA: Using software bounce buffering for IO (SWIOTLB)
[    3.911595] software IO TLB: mapped [mem 0xbbed0000-0xbfed0000] (64MB)
[    3.911749] check: Scanning for low memory corruption every 60 seconds
[    3.912684] Initialise system trusted keyrings
[    3.912691] Key type blacklist registered
[    3.912809] workingset: timestamp_bits=36 max_order=20 bucket_order=0
[    3.914355] zbud: loaded
[    3.914562] squashfs: version 4.0 (2009/01/31) Phillip Lougher
[    3.914790] fuse: init (API version 7.31)
[    3.915357] integrity: Platform Keyring initialized
[    3.920685] Key type asymmetric registered
[    3.920685] Asymmetric key parser 'x509' registered
[    3.920692] Block layer SCSI generic (bsg) driver version 0.4 loaded (major 244)
[    3.920899] io scheduler mq-deadline registered
[    3.921636] pcieport 0000:00:15.0: PME: Signaling with IRQ 24
[    3.921745] pcieport 0000:00:15.0: pciehp: Slot #160 AttnBtn+ PwrCtrl+ MRL- AttnInd- PwrInd- HotPlug+ Surprise- Interlock- NoCompl+ IbPresDis- LLActRep+
[    3.922970] pcieport 0000:00:15.1: PME: Signaling with IRQ 25
[    3.923083] pcieport 0000:00:15.1: pciehp: Slot #161 AttnBtn+ PwrCtrl+ MRL- AttnInd- PwrInd- HotPlug+ Surprise- Interlock- NoCompl+ IbPresDis- LLActRep+
[    3.924327] pcieport 0000:00:15.2: PME: Signaling with IRQ 26
[    3.924435] pcieport 0000:00:15.2: pciehp: Slot #162 AttnBtn+ PwrCtrl+ MRL- AttnInd- PwrInd- HotPlug+ Surprise- Interlock- NoCompl+ IbPresDis- LLActRep+
[    3.925653] pcieport 0000:00:15.3: PME: Signaling with IRQ 27
[    3.925760] pcieport 0000:00:15.3: pciehp: Slot #163 AttnBtn+ PwrCtrl+ MRL- AttnInd- PwrInd- HotPlug+ Surprise- Interlock- NoCompl+ IbPresDis- LLActRep+
[    3.927007] pcieport 0000:00:15.4: PME: Signaling with IRQ 28
[    3.927115] pcieport 0000:00:15.4: pciehp: Slot #164 AttnBtn+ PwrCtrl+ MRL- AttnInd- PwrInd- HotPlug+ Surprise- Interlock- NoCompl+ IbPresDis- LLActRep+
[    3.928516] pcieport 0000:00:15.5: PME: Signaling with IRQ 29
[    3.928668] pcieport 0000:00:15.5: pciehp: Slot #165 AttnBtn+ PwrCtrl+ MRL- AttnInd- PwrInd- HotPlug+ Surprise- Interlock- NoCompl+ IbPresDis- LLActRep+
[    3.929909] pcieport 0000:00:15.6: PME: Signaling with IRQ 30
[    3.930028] pcieport 0000:00:15.6: pciehp: Slot #166 AttnBtn+ PwrCtrl+ MRL- AttnInd- PwrInd- HotPlug+ Surprise- Interlock- NoCompl+ IbPresDis- LLActRep+
[    3.931322] pcieport 0000:00:15.7: PME: Signaling with IRQ 31
[    3.931458] pcieport 0000:00:15.7: pciehp: Slot #167 AttnBtn+ PwrCtrl+ MRL- AttnInd- PwrInd- HotPlug+ Surprise- Interlock- NoCompl+ IbPresDis- LLActRep+
[    3.932847] pcieport 0000:00:16.0: PME: Signaling with IRQ 32
[    3.932954] pcieport 0000:00:16.0: pciehp: Slot #192 AttnBtn+ PwrCtrl+ MRL- AttnInd- PwrInd- HotPlug+ Surprise- Interlock- NoCompl+ IbPresDis- LLActRep+
[    3.934323] pcieport 0000:00:16.1: PME: Signaling with IRQ 33
[    3.934510] pcieport 0000:00:16.1: pciehp: Slot #193 AttnBtn+ PwrCtrl+ MRL- AttnInd- PwrInd- HotPlug+ Surprise- Interlock- NoCompl+ IbPresDis- LLActRep+
[    3.935814] pcieport 0000:00:16.2: PME: Signaling with IRQ 34
[    3.935921] pcieport 0000:00:16.2: pciehp: Slot #194 AttnBtn+ PwrCtrl+ MRL- AttnInd- PwrInd- HotPlug+ Surprise- Interlock- NoCompl+ IbPresDis- LLActRep+
[    3.937041] pcieport 0000:00:16.3: PME: Signaling with IRQ 35
[    3.937175] pcieport 0000:00:16.3: pciehp: Slot #195 AttnBtn+ PwrCtrl+ MRL- AttnInd- PwrInd- HotPlug+ Surprise- Interlock- NoCompl+ IbPresDis- LLActRep+
[    3.938335] pcieport 0000:00:16.4: PME: Signaling with IRQ 36
[    3.938440] pcieport 0000:00:16.4: pciehp: Slot #196 AttnBtn+ PwrCtrl+ MRL- AttnInd- PwrInd- HotPlug+ Surprise- Interlock- NoCompl+ IbPresDis- LLActRep+
[    3.939641] pcieport 0000:00:16.5: PME: Signaling with IRQ 37
[    3.939749] pcieport 0000:00:16.5: pciehp: Slot #197 AttnBtn+ PwrCtrl+ MRL- AttnInd- PwrInd- HotPlug+ Surprise- Interlock- NoCompl+ IbPresDis- LLActRep+
[    3.940883] pcieport 0000:00:16.6: PME: Signaling with IRQ 38
[    3.940991] pcieport 0000:00:16.6: pciehp: Slot #198 AttnBtn+ PwrCtrl+ MRL- AttnInd- PwrInd- HotPlug+ Surprise- Interlock- NoCompl+ IbPresDis- LLActRep+
[    3.942173] pcieport 0000:00:16.7: PME: Signaling with IRQ 39
[    3.942314] pcieport 0000:00:16.7: pciehp: Slot #199 AttnBtn+ PwrCtrl+ MRL- AttnInd- PwrInd- HotPlug+ Surprise- Interlock- NoCompl+ IbPresDis- LLActRep+
[    3.943496] pcieport 0000:00:17.0: PME: Signaling with IRQ 40
[    3.943609] pcieport 0000:00:17.0: pciehp: Slot #224 AttnBtn+ PwrCtrl+ MRL- AttnInd- PwrInd- HotPlug+ Surprise- Interlock- NoCompl+ IbPresDis- LLActRep+
[    3.944790] pcieport 0000:00:17.1: PME: Signaling with IRQ 41
[    3.944897] pcieport 0000:00:17.1: pciehp: Slot #225 AttnBtn+ PwrCtrl+ MRL- AttnInd- PwrInd- HotPlug+ Surprise- Interlock- NoCompl+ IbPresDis- LLActRep+
[    3.946098] pcieport 0000:00:17.2: PME: Signaling with IRQ 42
[    3.946205] pcieport 0000:00:17.2: pciehp: Slot #226 AttnBtn+ PwrCtrl+ MRL- AttnInd- PwrInd- HotPlug+ Surprise- Interlock- NoCompl+ IbPresDis- LLActRep+
[    3.948196] pcieport 0000:00:17.3: PME: Signaling with IRQ 43
[    3.948303] pcieport 0000:00:17.3: pciehp: Slot #227 AttnBtn+ PwrCtrl+ MRL- AttnInd- PwrInd- HotPlug+ Surprise- Interlock- NoCompl+ IbPresDis- LLActRep+
[    3.949618] pcieport 0000:00:17.4: PME: Signaling with IRQ 44
[    3.949726] pcieport 0000:00:17.4: pciehp: Slot #228 AttnBtn+ PwrCtrl+ MRL- AttnInd- PwrInd- HotPlug+ Surprise- Interlock- NoCompl+ IbPresDis- LLActRep+
[    3.951136] pcieport 0000:00:17.5: PME: Signaling with IRQ 45
[    3.951245] pcieport 0000:00:17.5: pciehp: Slot #229 AttnBtn+ PwrCtrl+ MRL- AttnInd- PwrInd- HotPlug+ Surprise- Interlock- NoCompl+ IbPresDis- LLActRep+
[    3.952426] pcieport 0000:00:17.6: PME: Signaling with IRQ 46
[    3.952533] pcieport 0000:00:17.6: pciehp: Slot #230 AttnBtn+ PwrCtrl+ MRL- AttnInd- PwrInd- HotPlug+ Surprise- Interlock- NoCompl+ IbPresDis- LLActRep+
[    3.953704] pcieport 0000:00:17.7: PME: Signaling with IRQ 47
[    3.953811] pcieport 0000:00:17.7: pciehp: Slot #231 AttnBtn+ PwrCtrl+ MRL- AttnInd- PwrInd- HotPlug+ Surprise- Interlock- NoCompl+ IbPresDis- LLActRep+
[    3.954965] pcieport 0000:00:18.0: PME: Signaling with IRQ 48
[    3.955110] pcieport 0000:00:18.0: pciehp: Slot #256 AttnBtn+ PwrCtrl+ MRL- AttnInd- PwrInd- HotPlug+ Surprise- Interlock- NoCompl+ IbPresDis- LLActRep+
[    3.956325] pcieport 0000:00:18.1: PME: Signaling with IRQ 49
[    3.956432] pcieport 0000:00:18.1: pciehp: Slot #257 AttnBtn+ PwrCtrl+ MRL- AttnInd- PwrInd- HotPlug+ Surprise- Interlock- NoCompl+ IbPresDis- LLActRep+
[    3.957649] pcieport 0000:00:18.2: PME: Signaling with IRQ 50
[    3.957757] pcieport 0000:00:18.2: pciehp: Slot #258 AttnBtn+ PwrCtrl+ MRL- AttnInd- PwrInd- HotPlug+ Surprise- Interlock- NoCompl+ IbPresDis- LLActRep+
[    3.958969] pcieport 0000:00:18.3: PME: Signaling with IRQ 51
[    3.959081] pcieport 0000:00:18.3: pciehp: Slot #259 AttnBtn+ PwrCtrl+ MRL- AttnInd- PwrInd- HotPlug+ Surprise- Interlock- NoCompl+ IbPresDis- LLActRep+
[    3.960312] pcieport 0000:00:18.4: PME: Signaling with IRQ 52
[    3.960453] pcieport 0000:00:18.4: pciehp: Slot #260 AttnBtn+ PwrCtrl+ MRL- AttnInd- PwrInd- HotPlug+ Surprise- Interlock- NoCompl+ IbPresDis- LLActRep+
[    3.961719] pcieport 0000:00:18.5: PME: Signaling with IRQ 53
[    3.961826] pcieport 0000:00:18.5: pciehp: Slot #261 AttnBtn+ PwrCtrl+ MRL- AttnInd- PwrInd- HotPlug+ Surprise- Interlock- NoCompl+ IbPresDis- LLActRep+
[    3.963065] pcieport 0000:00:18.6: PME: Signaling with IRQ 54
[    3.963207] pcieport 0000:00:18.6: pciehp: Slot #262 AttnBtn+ PwrCtrl+ MRL- AttnInd- PwrInd- HotPlug+ Surprise- Interlock- NoCompl+ IbPresDis- LLActRep+
[    3.964463] pcieport 0000:00:18.7: PME: Signaling with IRQ 55
[    3.964577] pcieport 0000:00:18.7: pciehp: Slot #263 AttnBtn+ PwrCtrl+ MRL- AttnInd- PwrInd- HotPlug+ Surprise- Interlock- NoCompl+ IbPresDis- LLActRep+
[    3.965278] shpchp: Standard Hot Plug PCI Controller Driver version: 0.4
[    3.965843] ACPI: AC Adapter [ACAD] (on-line)
[    3.965989] input: Power Button as /devices/LNXSYSTM:00/LNXPWRBN:00/input/input0
[    3.966053] ACPI: Power Button [PWRF]
[    3.966729] Serial: 8250/16550 driver, 32 ports, IRQ sharing enabled
[    3.989184] 00:05: ttyS0 at I/O 0x3f8 (irq = 4, base_baud = 115200) is a 16550A
[    4.029550] Linux agpgart interface v0.103
[    4.029660] agpgart-intel 0000:00:00.0: Intel 440BX Chipset
[    4.035895] agpgart-intel 0000:00:00.0: AGP aperture is 256M @ 0x0
[    4.051407] loop: module loaded
[    4.051619] ata_piix 0000:00:07.1: version 2.13
[    4.052690] scsi host0: ata_piix
[    4.053229] scsi host1: ata_piix
[    4.053301] ata1: PATA max UDMA/33 cmd 0x1f0 ctl 0x3f6 bmdma 0x1060 irq 14
[    4.053301] ata2: PATA max UDMA/33 cmd 0x170 ctl 0x376 bmdma 0x1068 irq 15
[    4.053613] libphy: Fixed MDIO Bus: probed
[    4.053614] tun: Universal TUN/TAP device driver, 1.6
[    4.053633] PPP generic driver version 2.4.2
[    4.053688] VFIO - User Level meta-driver version: 0.3
[    4.053762] ehci_hcd: USB 2.0 'Enhanced' Host Controller (EHCI) Driver
[    4.053769] ehci-pci: EHCI PCI platform driver
[    4.054211] ehci-pci 0000:02:03.0: EHCI Host Controller
[    4.054215] ehci-pci 0000:02:03.0: new USB bus registered, assigned bus number 1
[    4.054559] ehci-pci 0000:02:03.0: cache line size of 64 is not supported
[    4.054698] ehci-pci 0000:02:03.0: irq 17, io mem 0xfd5ef000
[    4.070771] ehci-pci 0000:02:03.0: USB 2.0 started, EHCI 1.00
[    4.070864] usb usb1: New USB device found, idVendor=1d6b, idProduct=0002, bcdDevice= 5.08
[    4.070866] usb usb1: New USB device strings: Mfr=3, Product=2, SerialNumber=1
[    4.070868] usb usb1: Product: EHCI Host Controller
[    4.070869] usb usb1: Manufacturer: Linux 5.8.0-43-generic ehci_hcd
[    4.070870] usb usb1: SerialNumber: 0000:02:03.0
[    4.071171] hub 1-0:1.0: USB hub found
[    4.071183] hub 1-0:1.0: 6 ports detected
[    4.072529] ehci-platform: EHCI generic platform driver
[    4.072540] ohci_hcd: USB 1.1 'Open' Host Controller (OHCI) Driver
[    4.072545] ohci-pci: OHCI PCI platform driver
[    4.072562] ohci-platform: OHCI generic platform driver
[    4.072569] uhci_hcd: USB Universal Host Controller Interface driver
[    4.073607] uhci_hcd 0000:02:00.0: UHCI Host Controller
[    4.073614] uhci_hcd 0000:02:00.0: new USB bus registered, assigned bus number 2
[    4.073692] uhci_hcd 0000:02:00.0: detected 2 ports
[    4.074113] uhci_hcd 0000:02:00.0: irq 18, io base 0x00002080
[    4.074408] usb usb2: New USB device found, idVendor=1d6b, idProduct=0001, bcdDevice= 5.08
[    4.074410] usb usb2: New USB device strings: Mfr=3, Product=2, SerialNumber=1
[    4.074412] usb usb2: Product: UHCI Host Controller
[    4.074413] usb usb2: Manufacturer: Linux 5.8.0-43-generic uhci_hcd
[    4.074414] usb usb2: SerialNumber: 0000:02:00.0
[    4.074682] hub 2-0:1.0: USB hub found
[    4.074692] hub 2-0:1.0: 2 ports detected
[    4.075063] i8042: PNP: PS/2 Controller [PNP0303:KBC,PNP0f13:MOUS] at 0x60,0x64 irq 1,12
[    4.077050] serio: i8042 KBD port at 0x60,0x64 irq 1
[    4.077053] serio: i8042 AUX port at 0x60,0x64 irq 12
[    4.077186] mousedev: PS/2 mouse device common for all mice
[    4.098239] rtc_cmos 00:01: registered as rtc0
[    4.098367] rtc_cmos 00:01: setting system clock to 2022-10-14T20:31:20 UTC (1665779480)
[    4.098378] rtc_cmos 00:01: alarms up to one month, y3k, 114 bytes nvram, hpet irqs
[    4.098399] i2c /dev entries driver
[    4.098455] device-mapper: uevent: version 1.0.3
[    4.098703] device-mapper: ioctl: 4.42.0-ioctl (2020-02-27) initialised: dm-devel@redhat.com
[    4.098736] platform eisa.0: Probing EISA bus 0
[    4.098737] platform eisa.0: EISA: Cannot allocate resource for mainboard
[    4.098738] platform eisa.0: Cannot allocate resource for EISA slot 1
[    4.098738] platform eisa.0: Cannot allocate resource for EISA slot 2
[    4.098784] platform eisa.0: Cannot allocate resource for EISA slot 3
[    4.098785] platform eisa.0: Cannot allocate resource for EISA slot 4
[    4.098785] platform eisa.0: Cannot allocate resource for EISA slot 5
[    4.098786] platform eisa.0: Cannot allocate resource for EISA slot 6
[    4.098786] platform eisa.0: Cannot allocate resource for EISA slot 7
[    4.098787] platform eisa.0: Cannot allocate resource for EISA slot 8
[    4.098787] platform eisa.0: EISA: Detected 0 cards
[    4.098789] intel_pstate: CPU model not supported
[    4.099197] ledtrig-cpu: registered to indicate activity on CPUs
[    4.099417] input: AT Translated Set 2 keyboard as /devices/platform/i8042/serio0/input/input1
[    4.099809] intel_pmc_core intel_pmc_core.0:  initialized
[    4.099897] drop_monitor: Initializing network drop monitor service
[    4.100282] NET: Registered protocol family 10
[    4.108722] Segment Routing with IPv6
[    4.108737] NET: Registered protocol family 17
[    4.108959] Key type dns_resolver registered
[    4.109188] IPI shorthand broadcast: enabled
[    4.109195] sched_clock: Marking stable (4089833823, 19303381)->(4112019932, -2882728)
[    4.109309] registered taskstats version 1
[    4.109317] Loading compiled-in X.509 certificates
[    4.109965] Loaded X.509 cert 'Build time autogenerated kernel key: a4bf29c873175f8a852fbcf55017dd6a88fb8d5b'
[    4.110061] zswap: loaded using pool lzo/zbud
[    4.110538] Key type ._fscrypt registered
[    4.110539] Key type .fscrypt registered
[    4.110539] Key type fscrypt-provisioning registered
[    4.113295] Key type encrypted registered
[    4.113297] AppArmor: AppArmor sha1 policy hashing enabled
[    4.113301] ima: No TPM chip found, activating TPM-bypass!
[    4.113303] ima: Allocated hash algorithm: sha1
[    4.113308] ima: No architecture policies found
[    4.113314] evm: Initialising EVM extended attributes:
[    4.113315] evm: security.selinux
[    4.113315] evm: security.SMACK64
[    4.113315] evm: security.SMACK64EXEC
[    4.113315] evm: security.SMACK64TRANSMUTE
[    4.113315] evm: security.SMACK64MMAP
[    4.113316] evm: security.apparmor
[    4.113316] evm: security.ima
[    4.113316] evm: security.capability
[    4.113316] evm: HMAC attrs: 0x1
[    4.114894] PM:   Magic number: 10:676:548
[    4.114905] tty ttyS24: hash matches
[    4.114987] acpi PNP0C80:12e: hash matches
[    4.115031] acpi device:134: hash matches
[    4.115402] RAS: Correctable Errors collector initialized.
[    4.247507] Freeing unused decrypted memory: 2040K
[    4.247967] Freeing unused kernel image (initmem) memory: 2636K
[    4.248033] Write protecting the kernel read-only data: 22528k
[    4.248705] Freeing unused kernel image (text/rodata gap) memory: 2044K
[    4.248988] Freeing unused kernel image (rodata/data gap) memory: 788K
[    4.289248] x86/mm: Checked W+X mappings: passed, no W+X pages found.
[    4.289251] x86/mm: Checking user space page tables
[    4.329085] x86/mm: Checked W+X mappings: passed, no W+X pages found.
[    4.329095] Run /init as init process
[    4.329097]   with arguments:
[    4.329097]     /init
[    4.329098]     auto
[    4.329098]     noprompt
[    4.329098]   with environment:
[    4.329099]     HOME=/
[    4.329099]     TERM=linux
[    4.329099]     BOOT_IMAGE=/boot/vmlinuz-5.8.0-43-generic
[    4.329099]     find_preseed=/preseed.cfg
[    4.329100]     priority=critical
[    4.329100]     locale=en_US
[    4.414636] usb 2-1: new full-speed USB device number 2 using uhci_hcd
[    4.554243] Floppy drive(s): fd0 is 1.44M
[    4.571861] FDC 0 is a post-1991 82077
[    4.586767] usb 2-1: New USB device found, idVendor=0e0f, idProduct=0003, bcdDevice= 1.03
[    4.586768] usb 2-1: New USB device strings: Mfr=1, Product=2, SerialNumber=0
[    4.586770] usb 2-1: Product: VMware Virtual USB Mouse
[    4.586770] usb 2-1: Manufacturer: VMware
[    4.616021] piix4_smbus 0000:00:07.3: SMBus Host Controller not enabled!
[    4.617053] e1000: Intel(R) PRO/1000 Network Driver - version 7.3.21-k8-NAPI
[    4.617053] e1000: Copyright (c) 1999-2006 Intel Corporation.
[    4.619353] Fusion MPT base driver 3.04.20
[    4.619353] Copyright (c) 1999-2008 LSI Corporation
[    4.620273] ahci 0000:02:04.0: version 3.0
[    4.620978] Fusion MPT SPI Host driver 3.04.20
[    4.624314] ahci 0000:02:04.0: AHCI 0001.0300 32 slots 30 ports 6 Gbps 0x3fffffff impl SATA mode
[    4.624315] ahci 0000:02:04.0: flags: 64bit ncq clo only 
[    4.626972] mptbase: ioc0: Initiating bringup
[    4.651048] input: VirtualPS/2 VMware VMMouse as /devices/platform/i8042/serio1/input/input4
[    4.655323] input: VirtualPS/2 VMware VMMouse as /devices/platform/i8042/serio1/input/input3
[    4.703843] scsi host2: ahci
[    4.710646] scsi host3: ahci
[    4.712989] scsi host4: ahci
[    4.713097] scsi host5: ahci
[    4.714593] scsi host6: ahci
[    4.717689] scsi host7: ahci
[    4.717764] scsi host8: ahci
[    4.717821] scsi host9: ahci
[    4.722590] usb 2-2: new full-speed USB device number 3 using uhci_hcd
[    4.722711] scsi host10: ahci
[    4.722915] scsi host11: ahci
[    4.723103] scsi host12: ahci
[    4.723484] scsi host13: ahci
[    4.723898] scsi host14: ahci
[    4.724221] scsi host15: ahci
[    4.726331] scsi host16: ahci
[    4.726769] scsi host17: ahci
[    4.727193] scsi host18: ahci
[    4.730622] scsi host19: ahci
[    4.730824] scsi host20: ahci
[    4.730991] scsi host21: ahci
[    4.731125] scsi host22: ahci
[    4.731362] scsi host23: ahci
[    4.731729] scsi host24: ahci
[    4.732115] scsi host25: ahci
[    4.732516] scsi host26: ahci
[    4.732994] scsi host27: ahci
[    4.733356] scsi host28: ahci
[    4.733834] scsi host29: ahci
[    4.734210] scsi host30: ahci
[    4.734787] scsi host31: ahci
[    4.735020] ata3: SATA max UDMA/133 abar m4096@0xfd5ee000 port 0xfd5ee100 irq 56
[    4.735021] ata4: SATA max UDMA/133 abar m4096@0xfd5ee000 port 0xfd5ee180 irq 56
[    4.735022] ata5: SATA max UDMA/133 abar m4096@0xfd5ee000 port 0xfd5ee200 irq 56
[    4.735022] ata6: SATA max UDMA/133 abar m4096@0xfd5ee000 port 0xfd5ee280 irq 56
[    4.735023] ata7: SATA max UDMA/133 abar m4096@0xfd5ee000 port 0xfd5ee300 irq 56
[    4.735024] ata8: SATA max UDMA/133 abar m4096@0xfd5ee000 port 0xfd5ee380 irq 56
[    4.735024] ata9: SATA max UDMA/133 abar m4096@0xfd5ee000 port 0xfd5ee400 irq 56
[    4.735025] ata10: SATA max UDMA/133 abar m4096@0xfd5ee000 port 0xfd5ee480 irq 56
[    4.735026] ata11: SATA max UDMA/133 abar m4096@0xfd5ee000 port 0xfd5ee500 irq 56
[    4.735026] ata12: SATA max UDMA/133 abar m4096@0xfd5ee000 port 0xfd5ee580 irq 56
[    4.735027] ata13: SATA max UDMA/133 abar m4096@0xfd5ee000 port 0xfd5ee600 irq 56
[    4.735028] ata14: SATA max UDMA/133 abar m4096@0xfd5ee000 port 0xfd5ee680 irq 56
[    4.735028] ata15: SATA max UDMA/133 abar m4096@0xfd5ee000 port 0xfd5ee700 irq 56
[    4.735029] ata16: SATA max UDMA/133 abar m4096@0xfd5ee000 port 0xfd5ee780 irq 56
[    4.735030] ata17: SATA max UDMA/133 abar m4096@0xfd5ee000 port 0xfd5ee800 irq 56
[    4.735030] ata18: SATA max UDMA/133 abar m4096@0xfd5ee000 port 0xfd5ee880 irq 56
[    4.735031] ata19: SATA max UDMA/133 abar m4096@0xfd5ee000 port 0xfd5ee900 irq 56
[    4.735031] ata20: SATA max UDMA/133 abar m4096@0xfd5ee000 port 0xfd5ee980 irq 56
[    4.735032] ata21: SATA max UDMA/133 abar m4096@0xfd5ee000 port 0xfd5eea00 irq 56
[    4.735032] ata22: SATA max UDMA/133 abar m4096@0xfd5ee000 port 0xfd5eea80 irq 56
